Component: Arm Compiler for Embedded 6.18 Tool: armlink [5e4cc100]

==============================================================================

Section Cross References

    startup_stm32g030xx.o(STACK) refers (Special) to heapauxi.o(.text) for __use_two_region_memory
    startup_stm32g030xx.o(HEAP) refers (Special) to heapauxi.o(.text) for __use_two_region_memory
    startup_stm32g030xx.o(RESET) refers (Special) to heapauxi.o(.text) for __use_two_region_memory
    startup_stm32g030xx.o(RESET) refers to startup_stm32g030xx.o(STACK) for __initial_sp
    startup_stm32g030xx.o(RESET) refers to startup_stm32g030xx.o(.text) for Reset_Handler
    startup_stm32g030xx.o(RESET) refers to stm32g0xx_it.o(.text.NMI_Handler) for NMI_Handler
    startup_stm32g030xx.o(RESET) refers to stm32g0xx_it.o(.text.HardFault_Handler) for HardFault_Handler
    startup_stm32g030xx.o(RESET) refers to stm32g0xx_it.o(.text.SVC_Handler) for SVC_Handler
    startup_stm32g030xx.o(RESET) refers to stm32g0xx_it.o(.text.PendSV_Handler) for PendSV_Handler
    startup_stm32g030xx.o(RESET) refers to stm32g0xx_it.o(.text.SysTick_Handler) for SysTick_Handler
    startup_stm32g030xx.o(.text) refers (Special) to heapauxi.o(.text) for __use_two_region_memory
    startup_stm32g030xx.o(.text) refers to system_stm32g0xx.o(.text.SystemInit) for SystemInit
    startup_stm32g030xx.o(.text) refers to __main.o(!!!main) for __main
    startup_stm32g030xx.o(.text) refers to startup_stm32g030xx.o(HEAP) for Heap_Mem
    startup_stm32g030xx.o(.text) refers to startup_stm32g030xx.o(STACK) for Stack_Mem
    main.o(.text) refers (Special) to _printf_percent.o(.ARM.Collect$$_printf_percent$$00000000) for _printf_percent
    main.o(.text) refers (Special) to _printf_pad.o(.text) for _printf_pre_padding
    main.o(.text) refers (Special) to _printf_d.o(.ARM.Collect$$_printf_percent$$00000009) for _printf_d
    main.o(.text) refers (Special) to _printf_f.o(.ARM.Collect$$_printf_percent$$00000003) for _printf_f
    main.o(.text) refers (Special) to _printf_dec.o(.text) for _printf_int_dec
    main.o(.text) refers (Special) to printf1.o(x$fpl$printf1) for _printf_fp_dec
    main.o(.text.UART_Send_Data) refers (Special) to _printf_percent.o(.ARM.Collect$$_printf_percent$$00000000) for _printf_percent
    main.o(.text.UART_Send_Data) refers (Special) to _printf_pad.o(.text) for _printf_pre_padding
    main.o(.text.UART_Send_Data) refers (Special) to _printf_d.o(.ARM.Collect$$_printf_percent$$00000009) for _printf_d
    main.o(.text.UART_Send_Data) refers (Special) to _printf_f.o(.ARM.Collect$$_printf_percent$$00000003) for _printf_f
    main.o(.text.UART_Send_Data) refers (Special) to _printf_dec.o(.text) for _printf_int_dec
    main.o(.text.UART_Send_Data) refers (Special) to printf1.o(x$fpl$printf1) for _printf_fp_dec
    main.o(.text.UART_Send_Data) refers to stm32g0xx_hal_uart.o(.text.HAL_UART_Transmit) for HAL_UART_Transmit
    main.o(.text.UART_Send_Data) refers to usart.o(.bss.huart1) for huart1
    main.o(.ARM.exidx.text.UART_Send_Data) refers (Special) to _printf_percent.o(.ARM.Collect$$_printf_percent$$00000000) for _printf_percent
    main.o(.ARM.exidx.text.UART_Send_Data) refers (Special) to _printf_pad.o(.text) for _printf_pre_padding
    main.o(.ARM.exidx.text.UART_Send_Data) refers (Special) to _printf_d.o(.ARM.Collect$$_printf_percent$$00000009) for _printf_d
    main.o(.ARM.exidx.text.UART_Send_Data) refers (Special) to _printf_f.o(.ARM.Collect$$_printf_percent$$00000003) for _printf_f
    main.o(.ARM.exidx.text.UART_Send_Data) refers (Special) to _printf_dec.o(.text) for _printf_int_dec
    main.o(.ARM.exidx.text.UART_Send_Data) refers (Special) to printf1.o(x$fpl$printf1) for _printf_fp_dec
    main.o(.ARM.exidx.text.UART_Send_Data) refers to main.o(.text.UART_Send_Data) for [Anonymous Symbol]
    main.o(.text.UART_Send_Request) refers (Special) to _printf_percent.o(.ARM.Collect$$_printf_percent$$00000000) for _printf_percent
    main.o(.text.UART_Send_Request) refers (Special) to _printf_pad.o(.text) for _printf_pre_padding
    main.o(.text.UART_Send_Request) refers (Special) to _printf_d.o(.ARM.Collect$$_printf_percent$$00000009) for _printf_d
    main.o(.text.UART_Send_Request) refers (Special) to _printf_f.o(.ARM.Collect$$_printf_percent$$00000003) for _printf_f
    main.o(.text.UART_Send_Request) refers (Special) to _printf_dec.o(.text) for _printf_int_dec
    main.o(.text.UART_Send_Request) refers (Special) to printf1.o(x$fpl$printf1) for _printf_fp_dec
    main.o(.text.UART_Send_Request) refers to stm32g0xx_hal_uart.o(.text.HAL_UART_Transmit) for HAL_UART_Transmit
    main.o(.text.UART_Send_Request) refers to usart.o(.bss.huart1) for huart1
    main.o(.ARM.exidx.text.UART_Send_Request) refers (Special) to _printf_percent.o(.ARM.Collect$$_printf_percent$$00000000) for _printf_percent
    main.o(.ARM.exidx.text.UART_Send_Request) refers (Special) to _printf_pad.o(.text) for _printf_pre_padding
[...]
    .ARM.Collect$$libinit$$00000021          0x08000168   Section        0  libinit2.o(.ARM.Collect$$libinit$$00000021)
    .ARM.Collect$$libinit$$00000023          0x08000168   Section        0  libinit2.o(.ARM.Collect$$libinit$$00000023)
    .ARM.Collect$$libinit$$00000025          0x08000168   Section        0  libinit2.o(.ARM.Collect$$libinit$$00000025)
    .ARM.Collect$$libinit$$00000027          0x08000168   Section        0  libinit2.o(.ARM.Collect$$libinit$$00000027)
    .ARM.Collect$$libinit$$0000002E          0x08000168   Section        0  libinit2.o(.ARM.Collect$$libinit$$0000002E)
    .ARM.Collect$$libinit$$00000030          0x08000168   Section        0  libinit2.o(.ARM.Collect$$libinit$$00000030)
    .ARM.Collect$$libinit$$00000032          0x08000168   Section        0  libinit2.o(.ARM.Collect$$libinit$$00000032)
    .ARM.Collect$$libinit$$00000034          0x08000168   Section        0  libinit2.o(.ARM.Collect$$libinit$$00000034)
    .ARM.Collect$$libinit$$00000035          0x08000168   Section        2  libinit2.o(.ARM.Collect$$libinit$$00000035)
    .ARM.Collect$$libshutdown$$00000000      0x0800016a   Section        2  libshutdown.o(.ARM.Collect$$libshutdown$$00000000)
    .ARM.Collect$$libshutdown$$00000002      0x0800016c   Section        0  libshutdown2.o(.ARM.Collect$$libshutdown$$00000002)
    .ARM.Collect$$libshutdown$$00000004      0x0800016c   Section        0  libshutdown2.o(.ARM.Collect$$libshutdown$$00000004)
    .ARM.Collect$$libshutdown$$00000007      0x0800016c   Section        0  libshutdown2.o(.ARM.Collect$$libshutdown$$00000007)
    .ARM.Collect$$libshutdown$$0000000A      0x0800016c   Section        0  libshutdown2.o(.ARM.Collect$$libshutdown$$0000000A)
    .ARM.Collect$$libshutdown$$0000000C      0x0800016c   Section        0  libshutdown2.o(.ARM.Collect$$libshutdown$$0000000C)
    .ARM.Collect$$libshutdown$$0000000F      0x0800016c   Section        0  libshutdown2.o(.ARM.Collect$$libshutdown$$0000000F)
    .ARM.Collect$$libshutdown$$00000010      0x0800016c   Section        2  libshutdown2.o(.ARM.Collect$$libshutdown$$00000010)
    .ARM.Collect$$rtentry$$00000000          0x0800016e   Section        0  __rtentry.o(.ARM.Collect$$rtentry$$00000000)
    .ARM.Collect$$rtentry$$00000002          0x0800016e   Section        0  __rtentry2.o(.ARM.Collect$$rtentry$$00000002)
    .ARM.Collect$$rtentry$$00000004          0x0800016e   Section        6  __rtentry4.o(.ARM.Collect$$rtentry$$00000004)
    .ARM.Collect$$rtentry$$00000009          0x08000174   Section        0  __rtentry2.o(.ARM.Collect$$rtentry$$00000009)
    .ARM.Collect$$rtentry$$0000000A          0x08000174   Section        4  __rtentry2.o(.ARM.Collect$$rtentry$$0000000A)
    .ARM.Collect$$rtentry$$0000000C          0x08000178   Section        0  __rtentry2.o(.ARM.Collect$$rtentry$$0000000C)
    .ARM.Collect$$rtentry$$0000000D          0x08000178   Section        8  __rtentry2.o(.ARM.Collect$$rtentry$$0000000D)
    .ARM.Collect$$rtexit$$00000000           0x08000180   Section        2  rtexit.o(.ARM.Collect$$rtexit$$00000000)
    .ARM.Collect$$rtexit$$00000002           0x08000182   Section        0  rtexit2.o(.ARM.Collect$$rtexit$$00000002)
    .ARM.Collect$$rtexit$$00000003           0x08000182   Section        4  rtexit2.o(.ARM.Collect$$rtexit$$00000003)
    .ARM.Collect$$rtexit$$00000004           0x08000186   Section        6  rtexit2.o(.ARM.Collect$$rtexit$$00000004)
    .emb_text                                0x0800018c   Section       56  rt_memcpy.o(.emb_text)
    .text                                    0x080001c4   Section       56  startup_stm32g030xx.o(.text)
    .text                                    0x080001fc   Section        0  __2sprintf.o(.text)
    .text                                    0x08000228   Section        0  _printf_pad.o(.text)
    .text                                    0x08000278   Section        0  _printf_dec.o(.text)
    .text                                    0x080002e4   Section        0  __printf_flags_ss_wp.o(.text)
    .text                                    0x0800046c   Section        0  rt_memcpy.o(.text)
    .text                                    0x080004ee   Section        0  rt_memclr.o(.text)
    .text                                    0x08000530   Section      176  strcmpv6m.o(.text)
    .text                                    0x080005e0   Section      504  aeabi_sdivfast.o(.text)
    .text                                    0x080007d8   Section        0  heapauxi.o(.text)
    .text                                    0x080007e0   Section        0  f2d.o(.text)
    .text                                    0x08000834   Section        0  fdiv.o(.text)
    .text                                    0x08000994   Section        0  fflti.o(.text)
    .text                                    0x080009f2   Section        0  _printf_intcommon.o(.text)
    _fp_digits                               0x08000aa5   Thumb Code   412  _printf_fp_dec.o(.text)
    .text                                    0x08000aa4   Section        0  _printf_fp_dec.o(.text)
    _printf_input_char                       0x08000eb9   Thumb Code    10  _printf_char_common.o(.text)
    .text                                    0x08000eb8   Section        0  _printf_char_common.o(.text)
    .text                                    0x08000ee8   Section        0  _sputc.o(.text)
    .text                                    0x08000ef2   Section        0  rtudiv10.o(.text)
    .text                                    0x08000f1c   Section        8  rt_locale_intlibspace.o(.text)
    .text                                    0x08000f24   Section        0  lludiv10.o(.text)
    .text                                    0x08000fa0   Section        0  _printf_fp_infnan.o(.text)
    .text                                    0x08001028   Section        0  bigflt0.o(.text)
    .text                                    0x08001100   Section        0  btod.o(.text)
    btod_internal_mul                        0x08001141   Thumb Code   492  btod.o(.text)
    btod_internal_div                        0x0800132d   Thumb Code   520  btod.o(.text)
    .text                                    0x08001680   Section        8  libspace.o(.text)
    .text                                    0x08001688   Section       62  sys_stackheap_outer.o(.text)
    .text                                    0x080016c6   Section        0  exit.o(.text)
    .text                                    0x080016d8   Section        0  sys_exit.o(.text)
    .text                                    0x080016e4   Section        2  use_no_semi.o(.text)
    .text                                    0x080016e6   Section        0  indicate_semi.o(.text)
    [Anonymous Symbol]                       0x080016e8   Section        0  stm32g0xx_hal_adc.o(.text.ADC_Enable)
    __arm_cp.7_0                             0x080017b0   Number         4  stm32g0xx_hal_adc.o(.text.ADC_Enable)
    [Anonymous Symbol]                       0x080017b4   Section        0  main.o(.text.Error_Handler)
    [Anonymous Symbol]                       0x080017bc   Section        0  stm32g0xx_hal_adc.o(.text.HAL_ADC_ConfigChannel)
    __arm_cp.24_0                            0x08001a58   Number         4  stm32g0xx_hal_adc.o(.text.HAL_ADC_ConfigChannel)
    __arm_cp.24_1                            0x08001a5c   Number         4  stm32g0xx_hal_adc.o(.text.HAL_ADC_ConfigChannel)
    __arm_cp.24_2                            0x08001a60   Number         4  stm32g0xx_hal_adc.o(.text.HAL_ADC_ConfigChannel)
    __arm_cp.24_3                            0x08001a64   Number         4  stm32g0xx_hal_adc.o(.text.HAL_ADC_ConfigChannel)
    __arm_cp.24_4                            0x08001a68   Number         4  stm32g0xx_hal_adc.o(.text.HAL_ADC_ConfigChannel)
    __arm_cp.24_5                            0x08001a6c   Number         4  stm32g0xx_hal_adc.o(.text.HAL_ADC_ConfigChannel)
    __arm_cp.24_6                            0x08001a70   Number         4  stm32g0xx_hal_adc.o(.text.HAL_ADC_ConfigChannel)
    __arm_cp.24_7                            0x08001a74   Number         4  stm32g0xx_hal_adc.o(.text.HAL_ADC_ConfigChannel)
    __arm_cp.24_8                            0x08001a78   Number         4  stm32g0xx_hal_adc.o(.text.HAL_ADC_ConfigChannel)
    [Anonymous Symbol]                       0x08001a7c   Section        0  stm32g0xx_hal_adc.o(.text.HAL_ADC_GetValue)
    [Anonymous Symbol]                       0x08001a84   Section        0  stm32g0xx_hal_adc.o(.text.HAL_ADC_Init)
    __arm_cp.0_0                             0x08001cac   Number         4  stm32g0xx_hal_adc.o(.text.HAL_ADC_Init)
    __arm_cp.0_1                             0x08001cb0   Number         4  stm32g0xx_hal_adc.o(.text.HAL_ADC_Init)
    __arm_cp.0_2                             0x08001cb4   Number         4  stm32g0xx_hal_adc.o(.text.HAL_ADC_Init)
    __arm_cp.0_3                             0x08001cb8   Number         4  stm32g0xx_hal_adc.o(.text.HAL_ADC_Init)
    __arm_cp.0_4                             0x08001cbc   Number         4  stm32g0xx_hal_adc.o(.text.HAL_ADC_Init)
    __arm_cp.0_5                             0x08001cc0   Number         4  stm32g0xx_hal_adc.o(.text.HAL_ADC_Init)
    [Anonymous Symbol]                       0x08001cc4   Section        0  adc.o(.text.HAL_ADC_MspInit)
    __arm_cp.1_0                             0x08001d14   Number         4  adc.o(.text.HAL_ADC_MspInit)
    __arm_cp.1_1                             0x08001d18   Number         4  adc.o(.text.HAL_ADC_MspInit)
    [Anonymous Symbol]                       0x08001d1c   Section        0  stm32g0xx_hal_adc.o(.text.HAL_ADC_PollForConversion)
    [Anonymous Symbol]                       0x08001e18   Section        0  stm32g0xx_hal_adc.o(.text.HAL_ADC_Start)
    __arm_cp.6_0                             0x08001e6c   Number         4  stm32g0xx_hal_adc.o(.text.HAL_ADC_Start)
    __arm_cp.6_1                             0x08001e70   Number         4  stm32g0xx_hal_adc.o(.text.HAL_ADC_Start)
    [Anonymous Symbol]                       0x08001e74   Section        0  stm32g0xx_hal_gpio.o(.text.HAL_GPIO_Init)
    __arm_cp.0_0                             0x08002024   Number         4  stm32g0xx_hal_gpio.o(.text.HAL_GPIO_Init)
    __arm_cp.0_1                             0x08002028   Number         4  stm32g0xx_hal_gpio.o(.text.HAL_GPIO_Init)
    __arm_cp.0_2                             0x0800202c   Number         4  stm32g0xx_hal_gpio.o(.text.HAL_GPIO_Init)
    __arm_cp.0_4                             0x08002030   Number         4  stm32g0xx_hal_gpio.o(.text.HAL_GPIO_Init)
    [Anonymous Symbol]                       0x08002034   Section        0  stm32g0xx_hal_gpio.o(.text.HAL_GPIO_ReadPin)
    [Anonymous Symbol]                       0x0800203e   Section        0  stm32g0xx_hal_gpio.o(.text.HAL_GPIO_WritePin)
    [Anonymous Symbol]                       0x08002050   Section        0  stm32g0xx_hal.o(.text.HAL_GetTick)
    [Anonymous Symbol]                       0x08002058   Section        0  stm32g0xx_hal_i2c_ex.o(.text.HAL_I2CEx_ConfigAnalogFilter)
    [Anonymous Symbol]                       0x0800209c   Section        0  stm32g0xx_hal_i2c_ex.o(.text.HAL_I2CEx_ConfigDigitalFilter)
    [Anonymous Symbol]                       0x080020e0   Section        0  stm32g0xx_hal_i2c.o(.text.HAL_I2C_Init)
    __arm_cp.0_0                             0x0800218c   Number         4  stm32g0xx_hal_i2c.o(.text.HAL_I2C_Init)
    __arm_cp.0_1                             0x08002190   Number         4  stm32g0xx_hal_i2c.o(.text.HAL_I2C_Init)
    [Anonymous Symbol]                       0x08002194   Section        0  stm32g0xx_hal_i2c.o(.text.HAL_I2C_Master_Transmit)
    __arm_cp.4_0                             0x08002340   Number         4  stm32g0xx_hal_i2c.o(.text.HAL_I2C_Master_Transmit)
    __arm_cp.4_1                             0x08002344   Number         4  stm32g0xx_hal_i2c.o(.text.HAL_I2C_Master_Transmit)
    __arm_cp.4_2                             0x08002348   Number         4  stm32g0xx_hal_i2c.o(.text.HAL_I2C_Master_Transmit)
    __arm_cp.4_3                             0x0800234c   Number         4  stm32g0xx_hal_i2c.o(.text.HAL_I2C_Master_Transmit)
    __arm_cp.4_4                             0x08002350   Number         4  stm32g0xx_hal_i2c.o(.text.HAL_I2C_Master_Transmit)
    [Anonymous Symbol]                       0x08002354   Section        0  i2c.o(.text.HAL_I2C_MspInit)
    __arm_cp.1_0                             0x080023a8   Number         4  i2c.o(.text.HAL_I2C_MspInit)
    __arm_cp.1_1                             0x080023ac   Number         4  i2c.o(.text.HAL_I2C_MspInit)
    __arm_cp.1_2                             0x080023b0   Number         4  i2c.o(.text.HAL_I2C_MspInit)
    [Anonymous Symbol]                       0x080023b4   Section        0  stm32g0xx_hal.o(.text.HAL_IncTick)
    __arm_cp.5_1                             0x080023c4   Number         4  stm32g0xx_hal.o(.text.HAL_IncTick)
    [Anonymous Symbol]                       0x080023c8   Section        0  stm32g0xx_hal.o(.text.HAL_Init)
    __arm_cp.0_0                             0x080023f0   Number         4  stm32g0xx_hal.o(.text.HAL_Init)
    [Anonymous Symbol]                       0x080023f4   Section        0  stm32g0xx_hal.o(.text.HAL_InitTick)
    __arm_cp.1_0                             0x08002434   Number         4  stm32g0xx_hal.o(.text.HAL_InitTick)
    [Anonymous Symbol]                       0x08002438   Section        0  stm32g0xx_hal_msp.o(.text.HAL_MspInit)
    __arm_cp.0_0                             0x08002460   Number         4  stm32g0xx_hal_msp.o(.text.HAL_MspInit)
    [Anonymous Symbol]                       0x08002464   Section        0  stm32g0xx_hal_cortex.o(.text.HAL_NVIC_SetPriority)
    __arm_cp.0_0                             0x0800249c   Number         4  stm32g0xx_hal_cortex.o(.text.HAL_NVIC_SetPriority)
    __arm_cp.0_1                             0x080024a0   Number         4  stm32g0xx_hal_cortex.o(.text.HAL_NVIC_SetPriority)
    [Anonymous Symbol]                       0x080024a4   Section        0  stm32g0xx_hal_pwr_ex.o(.text.HAL_PWREx_ControlVoltageScaling)
    __arm_cp.13_0                            0x08002518   Number         4  stm32g0xx_hal_pwr_ex.o(.text.HAL_PWREx_ControlVoltageScaling)
    __arm_cp.13_1                            0x0800251c   Number         4  stm32g0xx_hal_pwr_ex.o(.text.HAL_PWREx_ControlVoltageScaling)
    __arm_cp.13_2                            0x08002520   Number         4  stm32g0xx_hal_pwr_ex.o(.text.HAL_PWREx_ControlVoltageScaling)
    [Anonymous Symbol]                       0x08002524   Section        0  stm32g0xx_hal_rcc_ex.o(.text.HAL_RCCEx_PeriphCLKConfig)
    __arm_cp.0_0                             0x08002690   Number         4  stm32g0xx_hal_rcc_ex.o(.text.HAL_RCCEx_PeriphCLKConfig)
    __arm_cp.0_1                             0x08002694   Number         4  stm32g0xx_hal_rcc_ex.o(.text.HAL_RCCEx_PeriphCLKConfig)
    __arm_cp.0_2                             0x08002698   Number         4  stm32g0xx_hal_rcc_ex.o(.text.HAL_RCCEx_PeriphCLKConfig)
    __arm_cp.0_4                             0x0800269c   Number         4  stm32g0xx_hal_rcc_ex.o(.text.HAL_RCCEx_PeriphCLKConfig)
    [Anonymous Symbol]                       0x080026a0   Section        0  stm32g0xx_hal_rcc.o(.text.HAL_RCC_ClockConfig)
    __arm_cp.2_0                             0x08002888   Number         4  stm32g0xx_hal_rcc.o(.text.HAL_RCC_ClockConfig)
    __arm_cp.2_1                             0x0800288c   Number         4  stm32g0xx_hal_rcc.o(.text.HAL_RCC_ClockConfig)
    __arm_cp.2_5                             0x08002890   Number         4  stm32g0xx_hal_rcc.o(.text.HAL_RCC_ClockConfig)
    __arm_cp.2_6                             0x08002894   Number         4  stm32g0xx_hal_rcc.o(.text.HAL_RCC_ClockConfig)
    __arm_cp.2_7                             0x08002898   Number         4  stm32g0xx_hal_rcc.o(.text.HAL_RCC_ClockConfig)
    [Anonymous Symbol]                       0x0800289c   Section        0  stm32g0xx_hal_rcc.o(.text.HAL_RCC_GetPCLK1Freq)
    __arm_cp.6_0                             0x080028b8   Number         4  stm32g0xx_hal_rcc.o(.text.HAL_RCC_GetPCLK1Freq)
    __arm_cp.6_2                             0x080028bc   Number         4  stm32g0xx_hal_rcc.o(.text.HAL_RCC_GetPCLK1Freq)
    [Anonymous Symbol]                       0x080028c0   Section        0  stm32g0xx_hal_rcc.o(.text.HAL_RCC_GetSysClockFreq)
    __arm_cp.3_0                             0x0800293c   Number         4  stm32g0xx_hal_rcc.o(.text.HAL_RCC_GetSysClockFreq)
    __arm_cp.3_1                             0x08002940   Number         4  stm32g0xx_hal_rcc.o(.text.HAL_RCC_GetSysClockFreq)
    __arm_cp.3_2                             0x08002944   Number         4  stm32g0xx_hal_rcc.o(.text.HAL_RCC_GetSysClockFreq)
    [Anonymous Symbol]                       0x08002948   Section        0  stm32g0xx_hal_rcc.o(.text.HAL_RCC_OscConfig)
    __arm_cp.1_0                             0x08002d44   Number         4  stm32g0xx_hal_rcc.o(.text.HAL_RCC_OscConfig)
    __arm_cp.1_1                             0x08002d48   Number         4  stm32g0xx_hal_rcc.o(.text.HAL_RCC_OscConfig)
    __arm_cp.1_2                             0x08002d4c   Number         4  stm32g0xx_hal_rcc.o(.text.HAL_RCC_OscConfig)
    __arm_cp.1_3                             0x08002d50   Number         4  stm32g0xx_hal_rcc.o(.text.HAL_RCC_OscConfig)
    __arm_cp.1_4                             0x08002d54   Number         4  stm32g0xx_hal_rcc.o(.text.HAL_RCC_OscConfig)
    __arm_cp.1_5                             0x08002d58   Number         4  stm32g0xx_hal_rcc.o(.text.HAL_RCC_OscConfig)
    __arm_cp.1_6                             0x08002d5c   Number         4  stm32g0xx_hal_rcc.o(.text.HAL_RCC_OscConfig)
    __arm_cp.1_7                             0x08002d60   Number         4  stm32g0xx_hal_rcc.o(.text.HAL_RCC_OscConfig)
    [Anonymous Symbol]                       0x08002d64   Section        0  stm32g0xx_hal_cortex.o(.text.HAL_SYSTICK_Config)
    __arm_cp.4_0                             0x08002d8c   Number         4  stm32g0xx_hal_cortex.o(.text.HAL_SYSTICK_Config)
    __arm_cp.4_1                             0x08002d90   Number         4  stm32g0xx_hal_cortex.o(.text.HAL_SYSTICK_Config)
    __arm_cp.4_2                             0x08002d94   Number         4  stm32g0xx_hal_cortex.o(.text.HAL_SYSTICK_Config)
    [Anonymous Symbol]                       0x08002d98   Section        0  stm32g0xx_hal_uart_ex.o(.text.HAL_UARTEx_DisableFifoMode)
    [Anonymous Symbol]                       0x08002dce   Section        0  stm32g0xx_hal_uart.o(.text.HAL_UARTEx_RxEventCallback)
    [Anonymous Symbol]                       0x08002dd0   Section        0  stm32g0xx_hal_uart_ex.o(.text.HAL_UARTEx_SetRxFifoThreshold)
    [Anonymous Symbol]                       0x08002e48   Section        0  stm32g0xx_hal_uart_ex.o(.text.HAL_UARTEx_SetTxFifoThreshold)
    __arm_cp.10_0                            0x08002ec0   Number         4  stm32g0xx_hal_uart_ex.o(.text.HAL_UARTEx_SetTxFifoThreshold)
    __arm_cp.10_1                            0x08002ec4   Number         4  stm32g0xx_hal_uart_ex.o(.text.HAL_UARTEx_SetTxFifoThreshold)
    [Anonymous Symbol]                       0x08002ec8   Section        0  stm32g0xx_hal_uart.o(.text.HAL_UART_ErrorCallback)
    [Anonymous Symbol]                       0x08002eca   Section        0  stm32g0xx_hal_uart.o(.text.HAL_UART_Init)
    [Anonymous Symbol]                       0x08002f38   Section        0  usart.o(.text.HAL_UART_MspInit)
    __arm_cp.1_1                             0x08002fa4   Number         4  usart.o(.text.HAL_UART_MspInit)
    [Anonymous Symbol]                       0x08002fa8   Section        0  stm32g0xx_hal_uart.o(.text.HAL_UART_Receive_IT)
    [Anonymous Symbol]                       0x08003010   Section        0  main.o(.text.HAL_UART_RxCpltCallback)
    __arm_cp.6_0                             0x080030f0   Number         4  main.o(.text.HAL_UART_RxCpltCallback)
    __arm_cp.6_1                             0x080030f4   Number         4  main.o(.text.HAL_UART_RxCpltCallback)
    __arm_cp.6_2                             0x080030f8   Number         4  main.o(.text.HAL_UART_RxCpltCallback)
    __arm_cp.6_3                             0x080030fc   Number         4  main.o(.text.HAL_UART_RxCpltCallback)
    [Anonymous Symbol]                       0x08003100   Section        0  stm32g0xx_hal_uart.o(.text.HAL_UART_Transmit)
    __arm_cp.10_0                            0x08003264   Number         4  stm32g0xx_hal_uart.o(.text.HAL_UART_Transmit)
    [Anonymous Symbol]                       0x08003268   Section        0  stm32g0xx_it.o(.text.HardFault_Handler)
    I2C_IsErrorOccurred                      0x0800326d   Thumb Code   380  stm32g0xx_hal_i2c.o(.text.I2C_IsErrorOccurred)
    [Anonymous Symbol]                       0x0800326c   Section        0  stm32g0xx_hal_i2c.o(.text.I2C_IsErrorOccurred)
    __arm_cp.72_0                            0x080033e8   Number         4  stm32g0xx_hal_i2c.o(.text.I2C_IsErrorOccurred)
    I2C_WaitOnFlagUntilTimeout               0x080033ed   Thumb Code   250  stm32g0xx_hal_i2c.o(.text.I2C_WaitOnFlagUntilTimeout)
    [Anonymous Symbol]                       0x080033ec   Section        0  stm32g0xx_hal_i2c.o(.text.I2C_WaitOnFlagUntilTimeout)
    I2C_WaitOnSTOPFlagUntilTimeout           0x080034e7   Thumb Code   134  stm32g0xx_hal_i2c.o(.text.I2C_WaitOnSTOPFlagUntilTimeout)
    [Anonymous Symbol]                       0x080034e6   Section        0  stm32g0xx_hal_i2c.o(.text.I2C_WaitOnSTOPFlagUntilTimeout)
    I2C_WaitOnTXISFlagUntilTimeout           0x0800356d   Thumb Code   166  stm32g0xx_hal_i2c.o(.text.I2C_WaitOnTXISFlagUntilTimeout)
    [Anonymous Symbol]                       0x0800356c   Section        0  stm32g0xx_hal_i2c.o(.text.I2C_WaitOnTXISFlagUntilTimeout)
    [Anonymous Symbol]                       0x08003614   Section        0  adc.o(.text.MX_ADC1_Init)
    __arm_cp.0_0                             0x080036c4   Number         4  adc.o(.text.MX_ADC1_Init)
    __arm_cp.0_1                             0x080036c8   Number         4  adc.o(.text.MX_ADC1_Init)
    __arm_cp.0_2                             0x080036cc   Number         4  adc.o(.text.MX_ADC1_Init)
    __arm_cp.0_3                             0x080036d0   Number         4  adc.o(.text.MX_ADC1_Init)
    __arm_cp.0_4                             0x080036d4   Number         4  adc.o(.text.MX_ADC1_Init)
    [Anonymous Symbol]                       0x080036d8   Section        0  gpio.o(.text.MX_GPIO_Init)
    __arm_cp.0_0                             0x08003748   Number         4  gpio.o(.text.MX_GPIO_Init)
    __arm_cp.0_1                             0x0800374c   Number         4  gpio.o(.text.MX_GPIO_Init)
    [Anonymous Symbol]                       0x08003750   Section        0  i2c.o(.text.MX_I2C2_Init)
    __arm_cp.0_1                             0x0800379c   Number         4  i2c.o(.text.MX_I2C2_Init)
    __arm_cp.0_2                             0x080037a0   Number         4  i2c.o(.text.MX_I2C2_Init)
    [Anonymous Symbol]                       0x080037a4   Section        0  usart.o(.text.MX_USART1_UART_Init)
    __arm_cp.0_0                             0x08003804   Number         4  usart.o(.text.MX_USART1_UART_Init)
    __arm_cp.0_1                             0x08003808   Number         4  usart.o(.text.MX_USART1_UART_Init)
    [Anonymous Symbol]                       0x0800380c   Section        0  stm32g0xx_it.o(.text.NMI_Handler)
    [Anonymous Symbol]                       0x08003810   Section        0  oled.o(.text.OLED_Clear)
    [Anonymous Symbol]                       0x08003820   Section        0  oled.o(.text.OLED_Init)
    __arm_cp.6_0                             0x08003a08   Number         4  oled.o(.text.OLED_Init)
    [Anonymous Symbol]                       0x08003a0c   Section        0  oled.o(.text.OLED_ShowImage)
    __arm_cp.18_0                            0x08003be4   Number         4  oled.o(.text.OLED_ShowImage)
    [Anonymous Symbol]                       0x08003be8   Section        0  oled.o(.text.OLED_ShowString)
    __arm_cp.19_0                            0x08003c88   Number         4  oled.o(.text.OLED_ShowString)
    __arm_cp.19_1                            0x08003c8c   Number         4  oled.o(.text.OLED_ShowString)
    __arm_cp.19_2                            0x08003c90   Number         4  oled.o(.text.OLED_ShowString)
    [Anonymous Symbol]                       0x08003c94   Section        0  oled.o(.text.OLED_Update)
    __arm_cp.8_0                             0x08003d20   Number         4  oled.o(.text.OLED_Update)
    __arm_cp.8_1                             0x08003d24   Number         4  oled.o(.text.OLED_Update)
    [Anonymous Symbol]                       0x08003d28   Section        0  stm32g0xx_it.o(.text.PendSV_Handler)
    [Anonymous Symbol]                       0x08003d2a   Section        0  stm32g0xx_it.o(.text.SVC_Handler)
    [Anonymous Symbol]                       0x08003d2c   Section        0  stm32g0xx_it.o(.text.SysTick_Handler)
    [Anonymous Symbol]                       0x08003d34   Section        0  system_stm32g0xx.o(.text.SystemInit)
    [Anonymous Symbol]                       0x08003d36   Section        0  stm32g0xx_hal_uart.o(.text.UART_AdvFeatureConfig)
    [Anonymous Symbol]                       0x08003e08   Section        0  stm32g0xx_hal_uart.o(.text.UART_CheckIdleState)
    __arm_cp.4_0                             0x08003ecc   Number         4  stm32g0xx_hal_uart.o(.text.UART_CheckIdleState)
    UART_RxISR_16BIT                         0x08003ed1   Thumb Code   206  stm32g0xx_hal_uart.o(.text.UART_RxISR_16BIT)
    [Anonymous Symbol]                       0x08003ed0   Section        0  stm32g0xx_hal_uart.o(.text.UART_RxISR_16BIT)
    UART_RxISR_16BIT_FIFOEN                  0x08003fa1   Thumb Code   644  stm32g0xx_hal_uart.o(.text.UART_RxISR_16BIT_FIFOEN)
    [Anonymous Symbol]                       0x08003fa0   Section        0  stm32g0xx_hal_uart.o(.text.UART_RxISR_16BIT_FIFOEN)
    __arm_cp.61_1                            0x08004224   Number         4  stm32g0xx_hal_uart.o(.text.UART_RxISR_16BIT_FIFOEN)
    UART_RxISR_8BIT                          0x08004229   Thumb Code   208  stm32g0xx_hal_uart.o(.text.UART_RxISR_8BIT)
    [Anonymous Symbol]                       0x08004228   Section        0  stm32g0xx_hal_uart.o(.text.UART_RxISR_8BIT)
    UART_RxISR_8BIT_FIFOEN                   0x080042f9   Thumb Code   444  stm32g0xx_hal_uart.o(.text.UART_RxISR_8BIT_FIFOEN)
    [Anonymous Symbol]                       0x080042f8   Section        0  stm32g0xx_hal_uart.o(.text.UART_RxISR_8BIT_FIFOEN)
    __arm_cp.62_0                            0x080044b4   Number         4  stm32g0xx_hal_uart.o(.text.UART_RxISR_8BIT_FIFOEN)
    [Anonymous Symbol]                       0x080044b8   Section        0  stm32g0xx_hal_uart.o(.text.UART_SetConfig)
    __arm_cp.3_0                             0x080045f0   Number         4  stm32g0xx_hal_uart.o(.text.UART_SetConfig)
    __arm_cp.3_1                             0x080045f4   Number         4  stm32g0xx_hal_uart.o(.text.UART_SetConfig)
    __arm_cp.3_2                             0x080045f8   Number         4  stm32g0xx_hal_uart.o(.text.UART_SetConfig)
    __arm_cp.3_3                             0x080045fc   Number         4  stm32g0xx_hal_uart.o(.text.UART_SetConfig)
    __arm_cp.3_4                             0x08004600   Number         4  stm32g0xx_hal_uart.o(.text.UART_SetConfig)
    __arm_cp.3_6                             0x08004614   Number         4  stm32g0xx_hal_uart.o(.text.UART_SetConfig)
    __arm_cp.3_7                             0x08004618   Number         4  stm32g0xx_hal_uart.o(.text.UART_SetConfig)
    __arm_cp.3_8                             0x0800461c   Number         4  stm32g0xx_hal_uart.o(.text.UART_SetConfig)
    __arm_cp.3_9                             0x08004620   Number         4  stm32g0xx_hal_uart.o(.text.UART_SetConfig)
    [Anonymous Symbol]                       0x08004624   Section        0  stm32g0xx_hal_uart.o(.text.UART_Start_Receive_IT)
    __arm_cp.19_0                            0x08004744   Number         4  stm32g0xx_hal_uart.o(.text.UART_Start_Receive_IT)
    __arm_cp.19_1                            0x08004748   Number         4  stm32g0xx_hal_uart.o(.text.UART_Start_Receive_IT)
    __arm_cp.19_2                            0x0800474c   Number         4  stm32g0xx_hal_uart.o(.text.UART_Start_Receive_IT)
    __arm_cp.19_3                            0x08004750   Number         4  stm32g0xx_hal_uart.o(.text.UART_Start_Receive_IT)
    __arm_cp.19_4                            0x08004754   Number         4  stm32g0xx_hal_uart.o(.text.UART_Start_Receive_IT)
    [Anonymous Symbol]                       0x08004758   Section        0  stm32g0xx_hal_uart.o(.text.UART_WaitOnFlagUntilTimeout)
    __arm_cp.11_0                            0x08004918   Number         4  stm32g0xx_hal_uart.o(.text.UART_WaitOnFlagUntilTimeout)
    [Anonymous Symbol]                       0x0800491c   Section        0  main.o(.text.main)
    __arm_cp.7_1                             0x08004d70   Number         4  main.o(.text.main)
    __arm_cp.7_2                             0x08004d74   Number         4  main.o(.text.main)
    __arm_cp.7_3                             0x08004d78   Number         4  main.o(.text.main)
    __arm_cp.7_4                             0x08004d7c   Number         4  main.o(.text.main)
    __arm_cp.7_5                             0x08004d80   Number         4  main.o(.text.main)
    __arm_cp.7_6                             0x08004d84   Number         4  main.o(.text.main)
    __arm_cp.7_7                             0x08004d88   Number         4  main.o(.text.main)
    __arm_cp.7_8                             0x08004d8c   Number         4  main.o(.text.main)
    __arm_cp.7_11                            0x08004dac   Number         4  main.o(.text.main)
    __arm_cp.7_16                            0x08004de4   Number         4  main.o(.text.main)
    .text_divfast                            0x08004e08   Section      502  aeabi_sdivfast.o(.text_divfast)
    i.__ARM_common_ll_muluu                  0x08004ffe   Section        0  btod.o(i.__ARM_common_ll_muluu)
    i.__ARM_fpclassify                       0x08005030   Section        0  fpclassify.o(i.__ARM_fpclassify)
    i._is_digit                              0x0800505c   Section        0  __printf_wp.o(i._is_digit)
    locale$$code                             0x0800506c   Section       44  lc_numeric_c.o(locale$$code)
    x$fpl$fadd                               0x08005098   Section      140  faddsub.o(x$fpl$fadd)
    _fadd1                                   0x080050a5   Thumb Code     0  faddsub.o(x$fpl$fadd)
    x$fpl$fmul                               0x08005124   Section      176  fmul.o(x$fpl$fmul)
    x$fpl$fsub                               0x080051d4   Section      208  faddsub.o(x$fpl$fsub)
    _fsub1                                   0x080051e1   Thumb Code     0  faddsub.o(x$fpl$fsub)
    x$fpl$printf1                            0x080052a4   Section       16  printf1.o(x$fpl$printf1)
    maptable                                 0x080052b4   Data          17  __printf_flags_ss_wp.o(.constdata)
    .constdata                               0x080052b4   Section       17  __printf_flags_ss_wp.o(.constdata)
    x$fpl$usenofp                            0x080052b4   Section        0  usenofp.o(x$fpl$usenofp)
    fdiv_tab                                 0x080052c5   Data          64  fdiv.o(.constdata)
    .constdata                               0x080052c5   Section       64  fdiv.o(.constdata)
    tenpwrs_x                                0x08005308   Data          60  bigflt0.o(.constdata)
    .constdata                               0x08005308   Section      148  bigflt0.o(.constdata)
    tenpwrs_i                                0x08005344   Data          64  bigflt0.o(.constdata)
    UARTEx_SetNbDataToProcess.numerator      0x08005c3e   Data           8  stm32g0xx_hal_uart_ex.o(.rodata.cst8)
    [Anonymous Symbol]                       0x08005c3e   Section        0  stm32g0xx_hal_uart_ex.o(.rodata.cst8)
    UARTEx_SetNbDataToProcess.denominator    0x08005c46   Data           8  stm32g0xx_hal_uart_ex.o(.rodata.cst8)
    [Anonymous Symbol]                       0x08005c4e   Section        0  main.o(.rodata.str1.1)
    locale$$data                             0x08005c74   Section       28  lc_numeric_c.o(locale$$data)
    __lcnum_c_name                           0x08005c78   Data           2  lc_numeric_c.o(locale$$data)
    __lcnum_c_start                          0x08005c80   Data           0  lc_numeric_c.o(locale$$data)
    __lcnum_c_point                          0x08005c8c   Data           0  lc_numeric_c.o(locale$$data)
    __lcnum_c_thousands                      0x08005c8e   Data           0  lc_numeric_c.o(locale$$data)
    __lcnum_c_grouping                       0x08005c8f   Data           0  lc_numeric_c.o(locale$$data)
    __lcnum_c_end                            0x08005c90   Data           0  lc_numeric_c.o(locale$$data)
    [Anonymous Symbol]                       0x20000000   Section        0  stm32g0xx_hal.o(.data..L_MergedGlobals)
    .bss                                     0x20000010   Section       96  libspace.o(.bss)
    [Anonymous Symbol]                       0x20000070   Section        0  main.o(.bss..L_MergedGlobals)
    Key_Scan.last_key_time                   0x20000084   Data           4  main.o(.bss..L_MergedGlobals)
    Heap_Mem                                 0x200005e8   Data         512  startup_stm32g030xx.o(HEAP)
    HEAP                                     0x200005e8   Section      512  startup_stm32g030xx.o(HEAP)
    Stack_Mem                                0x200007e8   Data        1024  startup_stm32g030xx.o(STACK)
    STACK                                    0x200007e8   Section     1024  startup_stm32g030xx.o(STACK)
    __initial_sp                             0x20000be8   Data           0  startup_stm32g030xx.o(STACK)

    Global Symbols

    Symbol Name                              Value     Ov Type        Size  Object(Section)

    BuildAttributes$$THM_ISAv3M$S$PE$A:L22$X:L11$S22$IEEE1$IW$~IW$USESV6$~STKCKD$USESV7$~SHL$OTIME$ROPI$IEEEX$EBA8$UX$STANDARDLIB$REQ8$PRES8$EABIv2 0x00000000   Number         0  anon$$obj.o ABSOLUTE
    _printf_flags                            0x00000000   Number         0  printf_stubs.o ABSOLUTE
    _printf_return_value                     0x00000000   Number         0  printf_stubs.o ABSOLUTE
    _printf_sizespec                         0x00000000   Number         0  printf_stubs.o ABSOLUTE
    _printf_widthprec                        0x00000000   Number         0  printf_stubs.o ABSOLUTE
    __ARM_exceptions_init                     - Undefined Weak Reference
    __alloca_initialize                       - Undefined Weak Reference
    __arm_preinit_                            - Undefined Weak Reference
    __arm_relocate_pie_                       - Undefined Weak Reference
    __cpp_initialize__aeabi_                  - Undefined Weak Reference
    __cxa_finalize                            - Undefined Weak Reference
    __sigvec_lookup                           - Undefined Weak Reference
    _atexit_init                              - Undefined Weak Reference
    _call_atexit_fns                          - Undefined Weak Reference
    _clock_init                               - Undefined Weak Reference
    _fp_trap_init                             - Undefined Weak Reference
    _fp_trap_shutdown                         - Undefined Weak Reference
    _get_lc_collate                           - Undefined Weak Reference
    _get_lc_monetary                          - Undefined Weak Reference
    _get_lc_time                              - Undefined Weak Reference
    _getenv_init                              - Undefined Weak Reference
    _handle_redirection                       - Undefined Weak Reference
    _init_alloc                               - Undefined Weak Reference
    _init_user_alloc                          - Undefined Weak Reference
    _initio                                   - Undefined Weak Reference
    _printf_mbtowc                            - Undefined Weak Reference
    _printf_wc                                - Undefined Weak Reference
    _rand_init                                - Undefined Weak Reference
    _signal_finish                            - Undefined Weak Reference
    _signal_init                              - Undefined Weak Reference
    _terminate_alloc                          - Undefined Weak Reference
    _terminate_user_alloc                     - Undefined Weak Reference
    _terminateio                              - Undefined Weak Reference
    __Vectors_Size                           0x000000c0   Number         0  startup_stm32g030xx.o ABSOLUTE
    __Vectors                                0x08000000   Data           4  startup_stm32g030xx.o(RESET)
    __Vectors_End                            0x080000c0   Data           0  startup_stm32g030xx.o(RESET)
    __main                                   0x080000c1   Thumb Code     8  __main.o(!!!main)
    __scatterload                            0x080000c9   Thumb Code     0  __scatter.o(!!!scatter)
    __scatterload_rt2                        0x080000c9   Thumb Code    52  __scatter.o(!!!scatter)
    __scatterload_rt2_thumb_only             0x080000c9   Thumb Code     0  __scatter.o(!!!scatter)
    __scatterload_null                       0x080000d9   Thumb Code     0  __scatter.o(!!!scatter)
    __scatterload_copy                       0x08000105   Thumb Code    26  __scatter_copy.o(!!handler_copy)
    __scatterload_zeroinit                   0x08000121   Thumb Code    28  __scatter_zi.o(!!handler_zi)
    _printf_percent                          0x0800013d   Thumb Code     0  _printf_percent.o(.ARM.Collect$$_printf_percent$$00000000)
    _printf_f                                0x0800013f   Thumb Code     0  _printf_f.o(.ARM.Collect$$_printf_percent$$00000003)
    _printf_d                                0x08000149   Thumb Code     0  _printf_d.o(.ARM.Collect$$_printf_percent$$00000009)
    _printf_percent_end                      0x08000153   Thumb Code     0  _printf_percent_end.o(.ARM.Collect$$_printf_percent$$00000017)
    __rt_lib_init                            0x08000157   Thumb Code     0  libinit.o(.ARM.Collect$$libinit$$00000000)
    __rt_lib_init_fp_1                       0x08000159   Thumb Code     0  libinit2.o(.ARM.Collect$$libinit$$00000002)
    __rt_lib_init_heap_1                     0x08000159   Thumb Code     0  libinit2.o(.ARM.Collect$$libinit$$0000000C)
    __rt_lib_init_lc_common                  0x08000159   Thumb Code     0  libinit2.o(.ARM.Collect$$libinit$$00000011)
    __rt_lib_init_preinit_1                  0x08000159   Thumb Code     0  libinit2.o(.ARM.Collect$$libinit$$00000006)
    __rt_lib_init_rand_1                     0x08000159   Thumb Code     0  libinit2.o(.ARM.Collect$$libinit$$00000010)
    __rt_lib_init_relocate_pie_1             0x08000159   Thumb Code     0  libinit2.o(.ARM.Collect$$libinit$$00000004)
    __rt_lib_init_user_alloc_1               0x08000159   Thumb Code     0  libinit2.o(.ARM.Collect$$libinit$$0000000E)
    __rt_lib_init_lc_collate_1               0x0800015f   Thumb Code     0  libinit2.o(.ARM.Collect$$libinit$$00000013)
    __rt_lib_init_lc_ctype_1                 0x0800015f   Thumb Code     0  libinit2.o(.ARM.Collect$$libinit$$00000015)
    __rt_lib_init_lc_monetary_1              0x0800015f   Thumb Code     0  libinit2.o(.ARM.Collect$$libinit$$00000017)
    __rt_lib_init_lc_numeric_2               0x0800015f   Thumb Code     0  libinit2.o(.ARM.Collect$$libinit$$00000018)
    __rt_lib_init_alloca_1                   0x08000169   Thumb Code     0  libinit2.o(.ARM.Collect$$libinit$$00000030)
    __rt_lib_init_argv_1                     0x08000169   Thumb Code     0  libinit2.o(.ARM.Collect$$libinit$$0000002E)
    __rt_lib_init_atexit_1                   0x08000169   Thumb Code     0  libinit2.o(.ARM.Collect$$libinit$$0000001D)
    __rt_lib_init_clock_1                    0x08000169   Thumb Code     0  libinit2.o(.ARM.Collect$$libinit$$00000023)
    __rt_lib_init_cpp_1                      0x08000169   Thumb Code     0  libinit2.o(.ARM.Collect$$libinit$$00000034)
    __rt_lib_init_exceptions_1               0x08000169   Thumb Code     0  libinit2.o(.ARM.Collect$$libinit$$00000032)
    __rt_lib_init_fp_trap_1                  0x08000169   Thumb Code     0  libinit2.o(.ARM.Collect$$libinit$$00000021)
    __rt_lib_init_getenv_1                   0x08000169   Thumb Code     0  libinit2.o(.ARM.Collect$$libinit$$00000025)
    __rt_lib_init_lc_numeric_1               0x08000169   Thumb Code     0  libinit2.o(.ARM.Collect$$libinit$$00000019)
    __rt_lib_init_lc_time_1                  0x08000169   Thumb Code     0  libinit2.o(.ARM.Collect$$libinit$$0000001B)
    __rt_lib_init_return                     0x08000169   Thumb Code     0  libinit2.o(.ARM.Collect$$libinit$$00000035)
    __rt_lib_init_signal_1                   0x08000169   Thumb Code     0  libinit2.o(.ARM.Collect$$libinit$$0000001F)
    __rt_lib_init_stdio_1                    0x08000169   Thumb Code     0  libinit2.o(.ARM.Collect$$libinit$$00000027)
    __rt_lib_shutdown                        0x0800016b   Thumb Code     0  libshutdown.o(.ARM.Collect$$libshutdown$$00000000)
    __rt_lib_shutdown_cpp_1                  0x0800016d   Thumb Code     0  libshutdown2.o(.ARM.Collect$$libshutdown$$00000002)
    __rt_lib_shutdown_fp_trap_1              0x0800016d   Thumb Code     0  libshutdown2.o(.ARM.Collect$$libshutdown$$00000007)
    __rt_lib_shutdown_heap_1                 0x0800016d   Thumb Code     0  libshutdown2.o(.ARM.Collect$$libshutdown$$0000000F)
    __rt_lib_shutdown_return                 0x0800016d   Thumb Code     0  libshutdown2.o(.ARM.Collect$$libshutdown$$00000010)
    __rt_lib_shutdown_signal_1               0x0800016d   Thumb Code     0  libshutdown2.o(.ARM.Collect$$libshutdown$$0000000A)
    __rt_lib_shutdown_stdio_1                0x0800016d   Thumb Code     0  libshutdown2.o(.ARM.Collect$$libshutdown$$00000004)
    __rt_lib_shutdown_user_alloc_1           0x0800016d   Thumb Code     0  libshutdown2.o(.ARM.Collect$$libshutdown$$0000000C)
    __rt_entry                               0x0800016f   Thumb Code     0  __rtentry.o(.ARM.Collect$$rtentry$$00000000)
    __rt_entry_presh_1                       0x0800016f   Thumb Code     0  __rtentry2.o(.ARM.Collect$$rtentry$$00000002)
    __rt_entry_sh                            0x0800016f   Thumb Code     0  __rtentry4.o(.ARM.Collect$$rtentry$$00000004)
    __rt_entry_li                            0x08000175   Thumb Code     0  __rtentry2.o(.ARM.Collect$$rtentry$$0000000A)
    __rt_entry_postsh_1                      0x08000175   Thumb Code     0  __rtentry2.o(.ARM.Collect$$rtentry$$00000009)
    __rt_entry_main                          0x08000179   Thumb Code     0  __rtentry2.o(.ARM.Collect$$rtentry$$0000000D)
    __rt_entry_postli_1                      0x08000179   Thumb Code     0  __rtentry2.o(.ARM.Collect$$rtentry$$0000000C)
    __rt_exit                                0x08000181   Thumb Code     0  rtexit.o(.ARM.Collect$$rtexit$$00000000)
    __rt_exit_ls                             0x08000183   Thumb Code     0  rtexit2.o(.ARM.Collect$$rtexit$$00000003)
    __rt_exit_prels_1                        0x08000183   Thumb Code     0  rtexit2.o(.ARM.Collect$$rtexit$$00000002)
    __rt_exit_exit                           0x08000187   Thumb Code     0  rtexit2.o(.ARM.Collect$$rtexit$$00000004)
    __aeabi_memcpy4                          0x0800018d   Thumb Code    56  rt_memcpy.o(.emb_text)
    __aeabi_memcpy8                          0x0800018d   Thumb Code     0  rt_memcpy.o(.emb_text)
    Reset_Handler                            0x080001c5   Thumb Code     8  startup_stm32g030xx.o(.text)
    ADC1_IRQHandler                          0x080001d7   Thumb Code     0  startup_stm32g030xx.o(.text)
    DMA1_Ch4_5_DMAMUX1_OVR_IRQHandler        0x080001d7   Thumb Code     0  startup_stm32g030xx.o(.text)
    DMA1_Channel1_IRQHandler                 0x080001d7   Thumb Code     0  startup_stm32g030xx.o(.text)
    DMA1_Channel2_3_IRQHandler               0x080001d7   Thumb Code     0  startup_stm32g030xx.o(.text)
    EXTI0_1_IRQHandler                       0x080001d7   Thumb Code     0  startup_stm32g030xx.o(.text)
    EXTI2_3_IRQHandler                       0x080001d7   Thumb Code     0  startup_stm32g030xx.o(.text)
    EXTI4_15_IRQHandler                      0x080001d7   Thumb Code     0  startup_stm32g030xx.o(.text)
    FLASH_IRQHandler                         0x080001d7   Thumb Code     0  startup_stm32g030xx.o(.text)
    I2C1_IRQHandler                          0x080001d7   Thumb Code     0  startup_stm32g030xx.o(.text)
    I2C2_IRQHandler                          0x080001d7   Thumb Code     0  startup_stm32g030xx.o(.text)
    RCC_IRQHandler                           0x080001d7   Thumb Code     0  startup_stm32g030xx.o(.text)
    RTC_TAMP_IRQHandler                      0x080001d7   Thumb Code     0  startup_stm32g030xx.o(.text)
    SPI1_IRQHandler                          0x080001d7   Thumb Code     0  startup_stm32g030xx.o(.text)
    SPI2_IRQHandler                          0x080001d7   Thumb Code     0  startup_stm32g030xx.o(.text)
    TIM14_IRQHandler                         0x080001d7   Thumb Code     0  startup_stm32g030xx.o(.text)
    TIM16_IRQHandler                         0x080001d7   Thumb Code     0  startup_stm32g030xx.o(.text)
    TIM17_IRQHandler                         0x080001d7   Thumb Code     0  startup_stm32g030xx.o(.text)
    TIM1_BRK_UP_TRG_COM_IRQHandler           0x080001d7   Thumb Code     0  startup_stm32g030xx.o(.text)
    TIM1_CC_IRQHandler                       0x080001d7   Thumb Code     0  startup_stm32g030xx.o(.text)
    TIM3_IRQHandler                          0x080001d7   Thumb Code     0  startup_stm32g030xx.o(.text)
    USART1_IRQHandler                        0x080001d7   Thumb Code     0  startup_stm32g030xx.o(.text)
    USART2_IRQHandler                        0x080001d7   Thumb Code     0  startup_stm32g030xx.o(.text)
    WWDG_IRQHandler                          0x080001d7   Thumb Code     0  startup_stm32g030xx.o(.text)
    __user_initial_stackheap                 0x080001d9   Thumb Code     0  startup_stm32g030xx.o(.text)
    __2sprintf                               0x080001fd   Thumb Code    40  __2sprintf.o(.text)
    _printf_pre_padding                      0x08000229   Thumb Code    44  _printf_pad.o(.text)
    _printf_post_padding                     0x08000255   Thumb Code    34  _printf_pad.o(.text)
    _printf_int_dec                          0x08000279   Thumb Code    90  _printf_dec.o(.text)
    __printf                                 0x080002e5   Thumb Code   386  __printf_flags_ss_wp.o(.text)
    __aeabi_memcpy                           0x0800046d   Thumb Code   130  rt_memcpy.o(.text)
    __rt_memcpy                              0x0800046d   Thumb Code     0  rt_memcpy.o(.text)
    _memset_w                                0x080004ef   Thumb Code    26  rt_memclr.o(.text)
    _memset                                  0x08000509   Thumb Code    30  rt_memclr.o(.text)
    __aeabi_memclr                           0x08000527   Thumb Code     4  rt_memclr.o(.text)
    __rt_memclr                              0x08000527   Thumb Code     0  rt_memclr.o(.text)
    __aeabi_memclr4                          0x0800052b   Thumb Code     0  rt_memclr.o(.text)
    __aeabi_memclr8                          0x0800052b   Thumb Code     0  rt_memclr.o(.text)
    __rt_memclr_w                            0x0800052b   Thumb Code     4  rt_memclr.o(.text)
    strcmp                                   0x08000531   Thumb Code   176  strcmpv6m.o(.text)
    __aeabi_uidivmod                         0x080005e1   Thumb Code    28  aeabi_sdivfast.o(.text)
    __aeabi_idivmod                          0x080005fd   Thumb Code   472  aeabi_sdivfast.o(.text)
    __use_two_region_memory                  0x080007d9   Thumb Code     2  heapauxi.o(.text)
    __rt_heap_escrow$2region                 0x080007db   Thumb Code     2  heapauxi.o(.text)
    __rt_heap_expand$2region                 0x080007dd   Thumb Code     2  heapauxi.o(.text)
    __aeabi_f2d                              0x080007e1   Thumb Code     0  f2d.o(.text)
    _f2d                                     0x080007e1   Thumb Code    80  f2d.o(.text)
    __aeabi_fdiv                             0x08000835   Thumb Code     0  fdiv.o(.text)
    _fdiv                                    0x08000835   Thumb Code   334  fdiv.o(.text)
    _frdiv                                   0x08000983   Thumb Code     8  fdiv.o(.text)
    __aeabi_i2f_normalise                    0x08000995   Thumb Code    72  fflti.o(.text)
    __aeabi_i2f                              0x080009dd   Thumb Code    16  fflti.o(.text)
    _fflt                                    0x080009dd   Thumb Code     0  fflti.o(.text)
    __aeabi_ui2f                             0x080009ed   Thumb Code     6  fflti.o(.text)
    _ffltu                                   0x080009ed   Thumb Code     0  fflti.o(.text)
    _printf_int_common                       0x080009f3   Thumb Code   176  _printf_intcommon.o(.text)
    _printf_fp_dec_real                      0x08000c41   Thumb Code   620  _printf_fp_dec.o(.text)
    _printf_char_common                      0x08000ec3   Thumb Code    32  _printf_char_common.o(.text)
    _sputc                                   0x08000ee9   Thumb Code    10  _sputc.o(.text)
    __rt_udiv10                              0x08000ef3   Thumb Code    40  rtudiv10.o(.text)
    __rt_locale                              0x08000f1d   Thumb Code     8  rt_locale_intlibspace.o(.text)
    _ll_udiv10                               0x08000f25   Thumb Code   122  lludiv10.o(.text)
    _printf_fp_infnan                        0x08000fa1   Thumb Code   120  _printf_fp_infnan.o(.text)
    _btod_etento                             0x08001029   Thumb Code   210  bigflt0.o(.text)
    _btod_d2e                                0x08001101   Thumb Code    64  btod.o(.text)
    _btod_emul                               0x08001535   Thumb Code    28  btod.o(.text)
    _btod_emuld                              0x08001551   Thumb Code   144  btod.o(.text)
    _btod_ediv                               0x080015e1   Thumb Code    26  btod.o(.text)
    _btod_edivd                              0x080015fb   Thumb Code   124  btod.o(.text)
    __user_libspace                          0x08001681   Thumb Code     8  libspace.o(.text)
    __user_perproc_libspace                  0x08001681   Thumb Code     0  libspace.o(.text)
    __user_perthread_libspace                0x08001681   Thumb Code     0  libspace.o(.text)
    __user_setup_stackheap                   0x08001689   Thumb Code    62  sys_stackheap_outer.o(.text)
    exit                                     0x080016c7   Thumb Code    16  exit.o(.text)
    _sys_exit                                0x080016d9   Thumb Code     8  sys_exit.o(.text)
    __I$use$semihosting                      0x080016e5   Thumb Code     0  use_no_semi.o(.text)
    __use_no_semihosting_swi                 0x080016e5   Thumb Code     2  use_no_semi.o(.text)
    __semihosting_library_function           0x080016e7   Thumb Code     0  indicate_semi.o(.text)
    ADC_Enable                               0x080016e9   Thumb Code   200  stm32g0xx_hal_adc.o(.text.ADC_Enable)
    Error_Handler                            0x080017b5   Thumb Code     8  main.o(.text.Error_Handler)
    HAL_ADC_ConfigChannel                    0x080017bd   Thumb Code   668  stm32g0xx_hal_adc.o(.text.HAL_ADC_ConfigChannel)
    HAL_ADC_GetValue                         0x08001a7d   Thumb Code     6  stm32g0xx_hal_adc.o(.text.HAL_ADC_GetValue)
    HAL_ADC_Init                             0x08001a85   Thumb Code   552  stm32g0xx_hal_adc.o(.text.HAL_ADC_Init)
    HAL_ADC_MspInit                          0x08001cc5   Thumb Code    80  adc.o(.text.HAL_ADC_MspInit)
    HAL_ADC_PollForConversion                0x08001d1d   Thumb Code   250  stm32g0xx_hal_adc.o(.text.HAL_ADC_PollForConversion)
    HAL_ADC_Start                            0x08001e19   Thumb Code    84  stm32g0xx_hal_adc.o(.text.HAL_ADC_Start)
    HAL_GPIO_Init                            0x08001e75   Thumb Code   432  stm32g0xx_hal_gpio.o(.text.HAL_GPIO_Init)
    HAL_GPIO_ReadPin                         0x08002035   Thumb Code    10  stm32g0xx_hal_gpio.o(.text.HAL_GPIO_ReadPin)
    HAL_GPIO_WritePin                        0x0800203f   Thumb Code    16  stm32g0xx_hal_gpio.o(.text.HAL_GPIO_WritePin)
    HAL_GetTick                              0x08002051   Thumb Code     8  stm32g0xx_hal.o(.text.HAL_GetTick)
    HAL_I2CEx_ConfigAnalogFilter             0x08002059   Thumb Code    68  stm32g0xx_hal_i2c_ex.o(.text.HAL_I2CEx_ConfigAnalogFilter)
    HAL_I2CEx_ConfigDigitalFilter            0x0800209d   Thumb Code    68  stm32g0xx_hal_i2c_ex.o(.text.HAL_I2CEx_ConfigDigitalFilter)
    HAL_I2C_Init                             0x080020e1   Thumb Code   172  stm32g0xx_hal_i2c.o(.text.HAL_I2C_Init)
    HAL_I2C_Master_Transmit                  0x08002195   Thumb Code   428  stm32g0xx_hal_i2c.o(.text.HAL_I2C_Master_Transmit)
    HAL_I2C_MspInit                          0x08002355   Thumb Code    84  i2c.o(.text.HAL_I2C_MspInit)
    HAL_IncTick                              0x080023b5   Thumb Code    16  stm32g0xx_hal.o(.text.HAL_IncTick)
    HAL_Init                                 0x080023c9   Thumb Code    40  stm32g0xx_hal.o(.text.HAL_Init)
    HAL_InitTick                             0x080023f5   Thumb Code    64  stm32g0xx_hal.o(.text.HAL_InitTick)
    HAL_MspInit                              0x08002439   Thumb Code    40  stm32g0xx_hal_msp.o(.text.HAL_MspInit)
    HAL_NVIC_SetPriority                     0x08002465   Thumb Code    56  stm32g0xx_hal_cortex.o(.text.HAL_NVIC_SetPriority)
    HAL_PWREx_ControlVoltageScaling          0x080024a5   Thumb Code   116  stm32g0xx_hal_pwr_ex.o(.text.HAL_PWREx_ControlVoltageScaling)
    HAL_RCCEx_PeriphCLKConfig                0x08002525   Thumb Code   364  stm32g0xx_hal_rcc_ex.o(.text.HAL_RCCEx_PeriphCLKConfig)
    HAL_RCC_ClockConfig                      0x080026a1   Thumb Code   488  stm32g0xx_hal_rcc.o(.text.HAL_RCC_ClockConfig)
    HAL_RCC_GetPCLK1Freq                     0x0800289d   Thumb Code    28  stm32g0xx_hal_rcc.o(.text.HAL_RCC_GetPCLK1Freq)
    HAL_RCC_GetSysClockFreq                  0x080028c1   Thumb Code   124  stm32g0xx_hal_rcc.o(.text.HAL_RCC_GetSysClockFreq)
    HAL_RCC_OscConfig                        0x08002949   Thumb Code  1020  stm32g0xx_hal_rcc.o(.text.HAL_RCC_OscConfig)
    HAL_SYSTICK_Config                       0x08002d65   Thumb Code    40  stm32g0xx_hal_cortex.o(.text.HAL_SYSTICK_Config)
    HAL_UARTEx_DisableFifoMode               0x08002d99   Thumb Code    54  stm32g0xx_hal_uart_ex.o(.text.HAL_UARTEx_DisableFifoMode)
    HAL_UARTEx_RxEventCallback               0x08002dcf   Thumb Code     2  stm32g0xx_hal_uart.o(.text.HAL_UARTEx_RxEventCallback)
    HAL_UARTEx_SetRxFifoThreshold            0x08002dd1   Thumb Code   120  stm32g0xx_hal_uart_ex.o(.text.HAL_UARTEx_SetRxFifoThreshold)
    HAL_UARTEx_SetTxFifoThreshold            0x08002e49   Thumb Code   120  stm32g0xx_hal_uart_ex.o(.text.HAL_UARTEx_SetTxFifoThreshold)
    HAL_UART_ErrorCallback                   0x08002ec9   Thumb Code     2  stm32g0xx_hal_uart.o(.text.HAL_UART_ErrorCallback)
    HAL_UART_Init                            0x08002ecb   Thumb Code   108  stm32g0xx_hal_uart.o(.text.HAL_UART_Init)
    HAL_UART_MspInit                         0x08002f39   Thumb Code   108  usart.o(.text.HAL_UART_MspInit)
    HAL_UART_Receive_IT                      0x08002fa9   Thumb Code   102  stm32g0xx_hal_uart.o(.text.HAL_UART_Receive_IT)
    HAL_UART_RxCpltCallback                  0x08003011   Thumb Code   224  main.o(.text.HAL_UART_RxCpltCallback)
    HAL_UART_Transmit                        0x08003101   Thumb Code   356  stm32g0xx_hal_uart.o(.text.HAL_UART_Transmit)
    HardFault_Handler                        0x08003269   Thumb Code     2  stm32g0xx_it.o(.text.HardFault_Handler)
    MX_ADC1_Init                             0x08003615   Thumb Code   176  adc.o(.text.MX_ADC1_Init)
    MX_GPIO_Init                             0x080036d9   Thumb Code   112  gpio.o(.text.MX_GPIO_Init)
    MX_I2C2_Init                             0x08003751   Thumb Code    76  i2c.o(.text.MX_I2C2_Init)
    MX_USART1_UART_Init                      0x080037a5   Thumb Code    96  usart.o(.text.MX_USART1_UART_Init)
    NMI_Handler                              0x0800380d   Thumb Code     2  stm32g0xx_it.o(.text.NMI_Handler)
    OLED_Clear                               0x08003811   Thumb Code    16  oled.o(.text.OLED_Clear)
    OLED_Init                                0x08003821   Thumb Code   488  oled.o(.text.OLED_Init)
    OLED_ShowImage                           0x08003a0d   Thumb Code   472  oled.o(.text.OLED_ShowImage)
    OLED_ShowString                          0x08003be9   Thumb Code   160  oled.o(.text.OLED_ShowString)
    OLED_Update                              0x08003c95   Thumb Code   140  oled.o(.text.OLED_Update)
    PendSV_Handler                           0x08003d29   Thumb Code     2  stm32g0xx_it.o(.text.PendSV_Handler)
    SVC_Handler                              0x08003d2b   Thumb Code     2  stm32g0xx_it.o(.text.SVC_Handler)
    SysTick_Handler                          0x08003d2d   Thumb Code     8  stm32g0xx_it.o(.text.SysTick_Handler)
    SystemInit                               0x08003d35   Thumb Code     2  system_stm32g0xx.o(.text.SystemInit)
    UART_AdvFeatureConfig                    0x08003d37   Thumb Code   210  stm32g0xx_hal_uart.o(.text.UART_AdvFeatureConfig)
    UART_CheckIdleState                      0x08003e09   Thumb Code   196  stm32g0xx_hal_uart.o(.text.UART_CheckIdleState)
    UART_SetConfig                           0x080044b9   Thumb Code   312  stm32g0xx_hal_uart.o(.text.UART_SetConfig)
    UART_Start_Receive_IT                    0x08004625   Thumb Code   288  stm32g0xx_hal_uart.o(.text.UART_Start_Receive_IT)
    UART_WaitOnFlagUntilTimeout              0x08004759   Thumb Code   448  stm32g0xx_hal_uart.o(.text.UART_WaitOnFlagUntilTimeout)
    main                                     0x0800491d   Thumb Code  1088  main.o(.text.main)
    __aeabi_uidiv                            0x08004e09   Thumb Code    68  aeabi_sdivfast.o(.text_divfast)
    __aeabi_idiv                             0x08004e4d   Thumb Code   434  aeabi_sdivfast.o(.text_divfast)
    __ARM_common_ll_muluu                    0x08004fff   Thumb Code    48  btod.o(i.__ARM_common_ll_muluu)
    __ARM_fpclassify                         0x08005031   Thumb Code    40  fpclassify.o(i.__ARM_fpclassify)
    _is_digit                                0x0800505d   Thumb Code    14  __printf_wp.o(i._is_digit)
    _get_lc_numeric                          0x0800506d   Thumb Code    44  lc_numeric_c.o(locale$$code)
    __aeabi_fadd                             0x08005099   Thumb Code     0  faddsub.o(x$fpl$fadd)
    _fadd                                    0x08005099   Thumb Code   134  faddsub.o(x$fpl$fadd)
    __aeabi_fmul                             0x08005125   Thumb Code     0  fmul.o(x$fpl$fmul)
    _fmul                                    0x08005125   Thumb Code   172  fmul.o(x$fpl$fmul)
    __aeabi_fsub                             0x080051d5   Thumb Code     0  faddsub.o(x$fpl$fsub)
    _fsub                                    0x080051d5   Thumb Code   204  faddsub.o(x$fpl$fsub)
    _printf_fp_dec                           0x080052a5   Thumb Code    16  printf1.o(x$fpl$printf1)
    __I$use$fp                               0x080052b4   Number         0  usenofp.o(x$fpl$usenofp)
    AHBPrescTable                            0x0800539c   Data          64  system_stm32g0xx.o(.rodata.AHBPrescTable)
    APBPrescTable                            0x080053dc   Data          32  system_stm32g0xx.o(.rodata.APBPrescTable)
    OLED_F6x8                                0x080053fc   Data         570  oled_data.o(.rodata.OLED_F6x8)
    OLED_F8x16                               0x08005636   Data        1520  oled_data.o(.rodata.OLED_F8x16)
    UARTPrescTable                           0x08005c26   Data          24  stm32g0xx_hal_uart.o(.rodata.UARTPrescTable)
    Region$$Table$$Base                      0x08005c54   Number         0  anon$$obj.o(Region$$Table)
    Region$$Table$$Limit                     0x08005c74   Number         0  anon$$obj.o(Region$$Table)
    uwTickFreq                               0x20000000   Data           1  stm32g0xx_hal.o(.data..L_MergedGlobals)
    uwTickPrio                               0x20000004   Data           4  stm32g0xx_hal.o(.data..L_MergedGlobals)
    SystemCoreClock                          0x20000008   Data           4  system_stm32g0xx.o(.data.SystemCoreClock)
    __libspace_start                         0x20000010   Data          96  libspace.o(.bss)
    __temporary_stack_top$libspace           0x20000070   Data           0  libspace.o(.bss)
    oled_page                                0x20000070   Data           1  main.o(.bss..L_MergedGlobals)
    servo_angle                              0x20000071   Data           1  main.o(.bss..L_MergedGlobals)
    water_alert                              0x20000072   Data           1  main.o(.bss..L_MergedGlobals)
    uart_rx_byte                             0x20000073   Data           1  main.o(.bss..L_MergedGlobals)
    uart_rx_ptr                              0x20000074   Data           2  main.o(.bss..L_MergedGlobals)
    total_power                              0x20000078   Data           4  main.o(.bss..L_MergedGlobals)
    rov_current                              0x2000007c   Data           4  main.o(.bss..L_MergedGlobals)
    rov_temperature                          0x20000080   Data           4  main.o(.bss..L_MergedGlobals)
    uart_rx_buf                              0x20000088   Data          15  main.o(.bss..L_MergedGlobals)
    OLED_DisplayBuf                          0x20000098   Data        1024  oled.o(.bss.OLED_DisplayBuf)
    hadc1                                    0x20000498   Data         100  adc.o(.bss.hadc1)
    hi2c2                                    0x200004fc   Data          84  i2c.o(.bss.hi2c2)
    huart1                                   0x20000550   Data         148  usart.o(.bss.huart1)
    uwTick                                   0x200005e4   Data           4  stm32g0xx_hal.o(.bss.uwTick)



==============================================================================

Memory Map of the image

  Image Entry point : 0x080000c1

  Load Region LR_IROM1 (Base: 0x08000000, Size: 0x00005ca0, Max: 0x00010000, ABSOLUTE)

    Execution Region ER_IROM1 (Exec base: 0x08000000, Load base: 0x08000000, Size: 0x00005c90, Max: 0x00010000, ABSOLUTE)

    Exec Addr    Load Addr    Size         Type   Attr      Idx    E Section Name        Object

    0x08000000   0x08000000   0x000000c0   Data   RO            3    RESET               startup_stm32g030xx.o
    0x080000c0   0x080000c0   0x00000008   Code   RO         1141  * !!!main             c_p.l(__main.o)
    0x080000c8   0x080000c8   0x0000003c   Code   RO         1562    !!!scatter          c_p.l(__scatter.o)
    0x08000104   0x08000104   0x0000001a   Code   RO         1564    !!handler_copy      c_p.l(__scatter_copy.o)
    0x0800011e   0x0800011e   0x00000002   PAD
    0x08000120   0x08000120   0x0000001c   Code   RO         1566    !!handler_zi        c_p.l(__scatter_zi.o)
    0x0800013c   0x0800013c   0x00000002   Code   RO         1122    .ARM.Collect$$_printf_percent$$00000000  c_p.l(_printf_percent.o)
    0x0800013e   0x0800013e   0x0000000a   Code   RO         1121    .ARM.Collect$$_printf_percent$$00000003  c_p.l(_printf_f.o)
    0x08000148   0x08000148   0x0000000a   Code   RO         1120    .ARM.Collect$$_printf_percent$$00000009  c_p.l(_printf_d.o)
    0x08000152   0x08000152   0x00000004   Code   RO         1271    .ARM.Collect$$_printf_percent$$00000017  c_p.l(_printf_percent_end.o)
    0x08000156   0x08000156   0x00000002   Code   RO         1413    .ARM.Collect$$libinit$$00000000  c_p.l(libinit.o)
    0x08000158   0x08000158   0x00000000   Code   RO         1415    .ARM.Collect$$libinit$$00000002  c_p.l(libinit2.o)
    0x08000158   0x08000158   0x00000000   Code   RO         1417    .ARM.Collect$$libinit$$00000004  c_p.l(libinit2.o)
    0x08000158   0x08000158   0x00000000   Code   RO         1419    .ARM.Collect$$libinit$$00000006  c_p.l(libinit2.o)
    0x08000158   0x08000158   0x00000000   Code   RO         1422    .ARM.Collect$$libinit$$0000000C  c_p.l(libinit2.o)
    0x08000158   0x08000158   0x00000000   Code   RO         1424    .ARM.Collect$$libinit$$0000000E  c_p.l(libinit2.o)
    0x08000158   0x08000158   0x00000000   Code   RO         1426    .ARM.Collect$$libinit$$00000010  c_p.l(libinit2.o)
    0x08000158   0x08000158   0x00000006   Code   RO         1427    .ARM.Collect$$libinit$$00000011  c_p.l(libinit2.o)
    0x0800015e   0x0800015e   0x00000000   Code   RO         1429    .ARM.Collect$$libinit$$00000013  c_p.l(libinit2.o)
    0x0800015e   0x0800015e   0x00000000   Code   RO         1431    .ARM.Collect$$libinit$$00000015  c_p.l(libinit2.o)
    0x0800015e   0x0800015e   0x00000000   Code   RO         1433    .ARM.Collect$$libinit$$00000017  c_p.l(libinit2.o)
    0x0800015e   0x0800015e   0x0000000a   Code   RO         1434    .ARM.Collect$$libinit$$00000018  c_p.l(libinit2.o)
    0x08000168   0x08000168   0x00000000   Code   RO         1435    .ARM.Collect$$libinit$$00000019  c_p.l(libinit2.o)
    0x08000168   0x08000168   0x00000000   Code   RO         1437    .ARM.Collect$$libinit$$0000001B  c_p.l(libinit2.o)
    0x08000168   0x08000168   0x00000000   Code   RO         1439    .ARM.Collect$$libinit$$0000001D  c_p.l(libinit2.o)
    0x08000168   0x08000168   0x00000000   Code   RO         1441    .ARM.Collect$$libinit$$0000001F  c_p.l(libinit2.o)
    0x08000168   0x08000168   0x00000000   Code   RO         1443    .ARM.Collect$$libinit$$00000021  c_p.l(libinit2.o)
    0x08000168   0x08000168   0x00000000   Code   RO         1445    .ARM.Collect$$libinit$$00000023  c_p.l(libinit2.o)
    0x08000168   0x08000168   0x00000000   Code   RO         1447    .ARM.Collect$$libinit$$00000025  c_p.l(libinit2.o)
    0x08000168   0x08000168   0x00000000   Code   RO         1449    .ARM.Collect$$libinit$$00000027  c_p.l(libinit2.o)
    0x08000168   0x08000168   0x00000000   Code   RO         1453    .ARM.Collect$$libinit$$0000002E  c_p.l(libinit2.o)
    0x08000168   0x08000168   0x00000000   Code   RO         1455    .ARM.Collect$$libinit$$00000030  c_p.l(libinit2.o)
    0x08000168   0x08000168   0x00000000   Code   RO         1457    .ARM.Collect$$libinit$$00000032  c_p.l(libinit2.o)
    0x08000168   0x08000168   0x00000000   Code   RO         1459    .ARM.Collect$$libinit$$00000034  c_p.l(libinit2.o)
    0x08000168   0x08000168   0x00000002   Code   RO         1460    .ARM.Collect$$libinit$$00000035  c_p.l(libinit2.o)
    0x0800016a   0x0800016a   0x00000002   Code   RO         1527    .ARM.Collect$$libshutdown$$00000000  c_p.l(libshutdown.o)
    0x0800016c   0x0800016c   0x00000000   Code   RO         1545    .ARM.Collect$$libshutdown$$00000002  c_p.l(libshutdown2.o)
    0x0800016c   0x0800016c   0x00000000   Code   RO         1547    .ARM.Collect$$libshutdown$$00000004  c_p.l(libshutdown2.o)
    0x0800016c   0x0800016c   0x00000000   Code   RO         1550    .ARM.Collect$$libshutdown$$00000007  c_p.l(libshutdown2.o)
    0x0800016c   0x0800016c   0x00000000   Code   RO         1553    .ARM.Collect$$libshutdown$$0000000A  c_p.l(libshutdown2.o)
    0x0800016c   0x0800016c   0x00000000   Code   RO         1555    .ARM.Collect$$libshutdown$$0000000C  c_p.l(libshutdown2.o)
    0x0800016c   0x0800016c   0x00000000   Code   RO         1558    .ARM.Collect$$libshutdown$$0000000F  c_p.l(libshutdown2.o)
    0x0800016c   0x0800016c   0x00000002   Code   RO         1559    .ARM.Collect$$libshutdown$$00000010  c_p.l(libshutdown2.o)
    0x0800016e   0x0800016e   0x00000000   Code   RO         1205    .ARM.Collect$$rtentry$$00000000  c_p.l(__rtentry.o)
    0x0800016e   0x0800016e   0x00000000   Code   RO         1327    .ARM.Collect$$rtentry$$00000002  c_p.l(__rtentry2.o)
    0x0800016e   0x0800016e   0x00000006   Code   RO         1339    .ARM.Collect$$rtentry$$00000004  c_p.l(__rtentry4.o)
    0x08000174   0x08000174   0x00000000   Code   RO         1329    .ARM.Collect$$rtentry$$00000009  c_p.l(__rtentry2.o)
    0x08000174   0x08000174   0x00000004   Code   RO         1330    .ARM.Collect$$rtentry$$0000000A  c_p.l(__rtentry2.o)
    0x08000178   0x08000178   0x00000000   Code   RO         1332    .ARM.Collect$$rtentry$$0000000C  c_p.l(__rtentry2.o)
    0x08000178   0x08000178   0x00000008   Code   RO         1333    .ARM.Collect$$rtentry$$0000000D  c_p.l(__rtentry2.o)
    0x08000180   0x08000180   0x00000002   Code   RO         1468    .ARM.Collect$$rtexit$$00000000  c_p.l(rtexit.o)
    0x08000182   0x08000182   0x00000000   Code   RO         1492    .ARM.Collect$$rtexit$$00000002  c_p.l(rtexit2.o)
    0x08000182   0x08000182   0x00000004   Code   RO         1493    .ARM.Collect$$rtexit$$00000003  c_p.l(rtexit2.o)
    0x08000186   0x08000186   0x00000006   Code   RO         1494    .ARM.Collect$$rtexit$$00000004  c_p.l(rtexit2.o)
    0x0800018c   0x0800018c   0x00000038   Code   RO         1123    .emb_text           c_p.l(rt_memcpy.o)
    0x080001c4   0x080001c4   0x00000038   Code   RO            4    .text               startup_stm32g030xx.o
    0x080001fc   0x080001fc   0x0000002c   Code   RO         1090    .text               c_p.l(__2sprintf.o)
    0x08000228   0x08000228   0x0000004e   Code   RO         1096    .text               c_p.l(_printf_pad.o)
    0x08000276   0x08000276   0x00000002   PAD
    0x08000278   0x08000278   0x0000006c   Code   RO         1098    .text               c_p.l(_printf_dec.o)
    0x080002e4   0x080002e4   0x00000188   Code   RO         1117    .text               c_p.l(__printf_flags_ss_wp.o)
    0x0800046c   0x0800046c   0x00000082   Code   RO         1124    .text               c_p.l(rt_memcpy.o)
    0x080004ee   0x080004ee   0x00000040   Code   RO         1127    .text               c_p.l(rt_memclr.o)
    0x0800052e   0x0800052e   0x00000002   PAD
    0x08000530   0x08000530   0x000000b0   Code   RO         1129    .text               c_p.l(strcmpv6m.o)
    0x080005e0   0x080005e0   0x000001f8   Code   RO         1131    .text               c_p.l(aeabi_sdivfast.o)
    0x080007d8   0x080007d8   0x00000006   Code   RO         1139    .text               c_p.l(heapauxi.o)
    0x080007de   0x080007de   0x00000002   PAD
    0x080007e0   0x080007e0   0x00000054   Code   RO         1170    .text               fz_ps.l(f2d.o)
    0x08000834   0x08000834   0x00000160   Code   RO         1190    .text               fz_ps.l(fdiv.o)
    0x08000994   0x08000994   0x0000005e   Code   RO         1193    .text               fz_ps.l(fflti.o)
    0x080009f2   0x080009f2   0x000000b0   Code   RO         1216    .text               c_p.l(_printf_intcommon.o)
    0x08000aa2   0x08000aa2   0x00000002   PAD
    0x08000aa4   0x08000aa4   0x00000414   Code   RO         1220    .text               c_p.l(_printf_fp_dec.o)
    0x08000eb8   0x08000eb8   0x00000030   Code   RO         1224    .text               c_p.l(_printf_char_common.o)
    0x08000ee8   0x08000ee8   0x0000000a   Code   RO         1226    .text               c_p.l(_sputc.o)
    0x08000ef2   0x08000ef2   0x00000028   Code   RO         1281    .text               c_p.l(rtudiv10.o)
    0x08000f1a   0x08000f1a   0x00000002   PAD
    0x08000f1c   0x08000f1c   0x00000008   Code   RO         1346    .text               c_p.l(rt_locale_intlibspace.o)
    0x08000f24   0x08000f24   0x0000007a   Code   RO         1353    .text               c_p.l(lludiv10.o)
    0x08000f9e   0x08000f9e   0x00000002   PAD
    0x08000fa0   0x08000fa0   0x00000088   Code   RO         1358    .text               c_p.l(_printf_fp_infnan.o)
    0x08001028   0x08001028   0x000000d8   Code   RO         1366    .text               c_p.l(bigflt0.o)
    0x08001100   0x08001100   0x00000580   Code   RO         1369    .text               c_p.l(btod.o)
    0x08001680   0x08001680   0x00000008   Code   RO         1392    .text               c_p.l(libspace.o)
    0x08001688   0x08001688   0x0000003e   Code   RO         1395    .text               c_p.l(sys_stackheap_outer.o)
    0x080016c6   0x080016c6   0x00000010   Code   RO         1402    .text               c_p.l(exit.o)
    0x080016d6   0x080016d6   0x00000002   PAD
    0x080016d8   0x080016d8   0x0000000c   Code   RO         1487    .text               c_p.l(sys_exit.o)
    0x080016e4   0x080016e4   0x00000002   Code   RO         1514    .text               c_p.l(use_no_semi.o)
    0x080016e6   0x080016e6   0x00000000   Code   RO         1516    .text               c_p.l(indicate_semi.o)
    0x080016e6   0x080016e6   0x00000002   PAD
    0x080016e8   0x080016e8   0x000000cc   Code   RO          135    .text.ADC_Enable    stm32g0xx_hal_adc.o
    0x080017b4   0x080017b4   0x00000008   Code   RO           29    .text.Error_Handler  main.o
    0x080017bc   0x080017bc   0x000002c0   Code   RO          169    .text.HAL_ADC_ConfigChannel  stm32g0xx_hal_adc.o
    0x08001a7c   0x08001a7c   0x00000006   Code   RO          157    .text.HAL_ADC_GetValue  stm32g0xx_hal_adc.o
    0x08001a82   0x08001a82   0x00000002   PAD
    0x08001a84   0x08001a84   0x00000240   Code   RO          121    .text.HAL_ADC_Init  stm32g0xx_hal_adc.o
    0x08001cc4   0x08001cc4   0x00000058   Code   RO           52    .text.HAL_ADC_MspInit  adc.o
    0x08001d1c   0x08001d1c   0x000000fa   Code   RO          139    .text.HAL_ADC_PollForConversion  stm32g0xx_hal_adc.o
    0x08001e16   0x08001e16   0x00000002   PAD
    0x08001e18   0x08001e18   0x0000005c   Code   RO          133    .text.HAL_ADC_Start  stm32g0xx_hal_adc.o
    0x08001e74   0x08001e74   0x000001c0   Code   RO          326    .text.HAL_GPIO_Init  stm32g0xx_hal_gpio.o
    0x08002034   0x08002034   0x0000000a   Code   RO          330    .text.HAL_GPIO_ReadPin  stm32g0xx_hal_gpio.o
    0x0800203e   0x0800203e   0x00000010   Code   RO          332    .text.HAL_GPIO_WritePin  stm32g0xx_hal_gpio.o
    0x0800204e   0x0800204e   0x00000002   PAD
    0x08002050   0x08002050   0x00000008   Code   RO          529    .text.HAL_GetTick   stm32g0xx_hal.o
    0x08002058   0x08002058   0x00000044   Code   RO          765    .text.HAL_I2CEx_ConfigAnalogFilter  stm32g0xx_hal_i2c_ex.o
    0x0800209c   0x0800209c   0x00000044   Code   RO          767    .text.HAL_I2CEx_ConfigDigitalFilter  stm32g0xx_hal_i2c_ex.o
    0x080020e0   0x080020e0   0x000000b4   Code   RO          611    .text.HAL_I2C_Init  stm32g0xx_hal_i2c.o
    0x08002194   0x08002194   0x000001c0   Code   RO          619    .text.HAL_I2C_Master_Transmit  stm32g0xx_hal_i2c.o
    0x08002354   0x08002354   0x00000060   Code   RO           67    .text.HAL_I2C_MspInit  i2c.o
    0x080023b4   0x080023b4   0x00000014   Code   RO          527    .text.HAL_IncTick   stm32g0xx_hal.o
    0x080023c8   0x080023c8   0x0000002c   Code   RO          517    .text.HAL_Init      stm32g0xx_hal.o
    0x080023f4   0x080023f4   0x00000044   Code   RO          519    .text.HAL_InitTick  stm32g0xx_hal.o
    0x08002438   0x08002438   0x0000002c   Code   RO          112    .text.HAL_MspInit   stm32g0xx_hal_msp.o
    0x08002464   0x08002464   0x00000040   Code   RO          475    .text.HAL_NVIC_SetPriority  stm32g0xx_hal_cortex.o
    0x080024a4   0x080024a4   0x00000080   Code   RO          461    .text.HAL_PWREx_ControlVoltageScaling  stm32g0xx_hal_pwr_ex.o
    0x08002524   0x08002524   0x0000017c   Code   RO          250    .text.HAL_RCCEx_PeriphCLKConfig  stm32g0xx_hal_rcc_ex.o
    0x080026a0   0x080026a0   0x000001fc   Code   RO          214    .text.HAL_RCC_ClockConfig  stm32g0xx_hal_rcc.o
    0x0800289c   0x0800289c   0x00000024   Code   RO          222    .text.HAL_RCC_GetPCLK1Freq  stm32g0xx_hal_rcc.o
    0x080028c0   0x080028c0   0x00000088   Code   RO          216    .text.HAL_RCC_GetSysClockFreq  stm32g0xx_hal_rcc.o
    0x08002948   0x08002948   0x0000041c   Code   RO          212    .text.HAL_RCC_OscConfig  stm32g0xx_hal_rcc.o
    0x08002d64   0x08002d64   0x00000034   Code   RO          483    .text.HAL_SYSTICK_Config  stm32g0xx_hal_cortex.o
    0x08002d98   0x08002d98   0x00000036   Code   RO          948    .text.HAL_UARTEx_DisableFifoMode  stm32g0xx_hal_uart_ex.o
    0x08002dce   0x08002dce   0x00000002   Code   RO          877    .text.HAL_UARTEx_RxEventCallback  stm32g0xx_hal_uart.o
    0x08002dd0   0x08002dd0   0x00000078   Code   RO          952    .text.HAL_UARTEx_SetRxFifoThreshold  stm32g0xx_hal_uart_ex.o
    0x08002e48   0x08002e48   0x00000080   Code   RO          950    .text.HAL_UARTEx_SetTxFifoThreshold  stm32g0xx_hal_uart_ex.o
    0x08002ec8   0x08002ec8   0x00000002   Code   RO          875    .text.HAL_UART_ErrorCallback  stm32g0xx_hal_uart.o
    0x08002eca   0x08002eca   0x0000006c   Code   RO          787    .text.HAL_UART_Init  stm32g0xx_hal_uart.o
    0x08002f36   0x08002f36   0x00000002   PAD
    0x08002f38   0x08002f38   0x00000070   Code   RO           82    .text.HAL_UART_MspInit  usart.o
    0x08002fa8   0x08002fa8   0x00000066   Code   RO          823    .text.HAL_UART_Receive_IT  stm32g0xx_hal_uart.o
    0x0800300e   0x0800300e   0x00000002   PAD
    0x08003010   0x08003010   0x000000f0   Code   RO           23    .text.HAL_UART_RxCpltCallback  main.o
    0x08003100   0x08003100   0x00000168   Code   RO          807    .text.HAL_UART_Transmit  stm32g0xx_hal_uart.o
    0x08003268   0x08003268   0x00000002   Code   RO           97    .text.HardFault_Handler  stm32g0xx_it.o
    0x0800326a   0x0800326a   0x00000002   PAD
    0x0800326c   0x0800326c   0x00000180   Code   RO          755    .text.I2C_IsErrorOccurred  stm32g0xx_hal_i2c.o
    0x080033ec   0x080033ec   0x000000fa   Code   RO          621    .text.I2C_WaitOnFlagUntilTimeout  stm32g0xx_hal_i2c.o
    0x080034e6   0x080034e6   0x00000086   Code   RO          625    .text.I2C_WaitOnSTOPFlagUntilTimeout  stm32g0xx_hal_i2c.o
    0x0800356c   0x0800356c   0x000000a6   Code   RO          623    .text.I2C_WaitOnTXISFlagUntilTimeout  stm32g0xx_hal_i2c.o
    0x08003612   0x08003612   0x00000002   PAD
    0x08003614   0x08003614   0x000000c4   Code   RO           50    .text.MX_ADC1_Init  adc.o
    0x080036d8   0x080036d8   0x00000078   Code   RO           42    .text.MX_GPIO_Init  gpio.o
    0x08003750   0x08003750   0x00000054   Code   RO           65    .text.MX_I2C2_Init  i2c.o
    0x080037a4   0x080037a4   0x00000068   Code   RO           80    .text.MX_USART1_UART_Init  usart.o
    0x0800380c   0x0800380c   0x00000002   Code   RO           95    .text.NMI_Handler   stm32g0xx_it.o
    0x0800380e   0x0800380e   0x00000002   PAD
    0x08003810   0x08003810   0x00000010   Code   RO         1000    .text.OLED_Clear    oled.o
    0x08003820   0x08003820   0x000001ec   Code   RO          998    .text.OLED_Init     oled.o
    0x08003a0c   0x08003a0c   0x000001dc   Code   RO         1022    .text.OLED_ShowImage  oled.o
    0x08003be8   0x08003be8   0x000000ac   Code   RO         1024    .text.OLED_ShowString  oled.o
    0x08003c94   0x08003c94   0x00000094   Code   RO         1002    .text.OLED_Update   oled.o
    0x08003d28   0x08003d28   0x00000002   Code   RO          101    .text.PendSV_Handler  stm32g0xx_it.o
    0x08003d2a   0x08003d2a   0x00000002   Code   RO           99    .text.SVC_Handler   stm32g0xx_it.o
    0x08003d2c   0x08003d2c   0x00000008   Code   RO          103    .text.SysTick_Handler  stm32g0xx_it.o
    0x08003d34   0x08003d34   0x00000002   Code   RO          971    .text.SystemInit    system_stm32g0xx.o
    0x08003d36   0x08003d36   0x000000d2   Code   RO          791    .text.UART_AdvFeatureConfig  stm32g0xx_hal_uart.o
    0x08003e08   0x08003e08   0x000000c8   Code   RO          795    .text.UART_CheckIdleState  stm32g0xx_hal_uart.o
    0x08003ed0   0x08003ed0   0x000000ce   Code   RO          913    .text.UART_RxISR_16BIT  stm32g0xx_hal_uart.o
    0x08003f9e   0x08003f9e   0x00000002   PAD
    0x08003fa0   0x08003fa0   0x00000288   Code   RO          909    .text.UART_RxISR_16BIT_FIFOEN  stm32g0xx_hal_uart.o
    0x08004228   0x08004228   0x000000d0   Code   RO          915    .text.UART_RxISR_8BIT  stm32g0xx_hal_uart.o
    0x080042f8   0x080042f8   0x000001c0   Code   RO          911    .text.UART_RxISR_8BIT_FIFOEN  stm32g0xx_hal_uart.o
    0x080044b8   0x080044b8   0x0000016c   Code   RO          793    .text.UART_SetConfig  stm32g0xx_hal_uart.o
    0x08004624   0x08004624   0x00000134   Code   RO          825    .text.UART_Start_Receive_IT  stm32g0xx_hal_uart.o
    0x08004758   0x08004758   0x000001c4   Code   RO          809    .text.UART_WaitOnFlagUntilTimeout  stm32g0xx_hal_uart.o
    0x0800491c   0x0800491c   0x000004ec   Code   RO           25    .text.main          main.o
    0x08004e08   0x08004e08   0x000001f6   Code   RO         1132    .text_divfast       c_p.l(aeabi_sdivfast.o)
    0x08004ffe   0x08004ffe   0x00000030   Code   RO         1371    i.__ARM_common_ll_muluu  c_p.l(btod.o)
    0x0800502e   0x0800502e   0x00000002   PAD
    0x08005030   0x08005030   0x0000002c   Code   RO         1388    i.__ARM_fpclassify  m_ps.l(fpclassify.o)
    0x0800505c   0x0800505c   0x0000000e   Code   RO         1110    i._is_digit         c_p.l(__printf_wp.o)
    0x0800506a   0x0800506a   0x00000002   PAD
    0x0800506c   0x0800506c   0x0000002c   Code   RO         1378    locale$$code        c_p.l(lc_numeric_c.o)
    0x08005098   0x08005098   0x0000008c   Code   RO         1172    x$fpl$fadd          fz_ps.l(faddsub.o)
    0x08005124   0x08005124   0x000000b0   Code   RO         1195    x$fpl$fmul          fz_ps.l(fmul.o)
    0x080051d4   0x080051d4   0x000000d0   Code   RO         1174    x$fpl$fsub          fz_ps.l(faddsub.o)
    0x080052a4   0x080052a4   0x00000010   Code   RO         1197    x$fpl$printf1       fz_ps.l(printf1.o)
    0x080052b4   0x080052b4   0x00000000   Code   RO         1305    x$fpl$usenofp       fz_ps.l(usenofp.o)
    0x080052b4   0x080052b4   0x00000011   Data   RO         1118    .constdata          c_p.l(__printf_flags_ss_wp.o)
    0x080052c5   0x080052c5   0x00000040   Data   RO         1191    .constdata          fz_ps.l(fdiv.o)
    0x08005305   0x08005305   0x00000003   PAD
    0x08005308   0x08005308   0x00000094   Data   RO         1367    .constdata          c_p.l(bigflt0.o)
    0x0800539c   0x0800539c   0x00000040   Data   RO          976    .rodata.AHBPrescTable  system_stm32g0xx.o
    0x080053dc   0x080053dc   0x00000020   Data   RO          977    .rodata.APBPrescTable  system_stm32g0xx.o
    0x080053fc   0x080053fc   0x0000023a   Data   RO         1066    .rodata.OLED_F6x8   oled_data.o
    0x08005636   0x08005636   0x000005f0   Data   RO         1065    .rodata.OLED_F8x16  oled_data.o
    0x08005c26   0x08005c26   0x00000018   Data   RO          921    .rodata.UARTPrescTable  stm32g0xx_hal_uart.o
    0x08005c3e   0x08005c3e   0x00000010   Data   RO          962    .rodata.cst8        stm32g0xx_hal_uart_ex.o
    0x08005c4e   0x08005c4e   0x00000006   Data   RO           31    .rodata.str1.1      main.o
    0x08005c54   0x08005c54   0x00000020   Data   RO         1561    Region$$Table       anon$$obj.o
    0x08005c74   0x08005c74   0x0000001c   Data   RO         1377    locale$$data        c_p.l(lc_numeric_c.o)


    Execution Region RW_IRAM1 (Exec base: 0x20000000, Load base: 0x08005c90, Size: 0x00000be8, Max: 0x00002000, ABSOLUTE)

    Exec Addr    Load Addr    Size         Type   Attr      Idx    E Section Name        Object

    0x20000000   0x08005c90   0x00000008   Data   RW          576    .data..L_MergedGlobals  stm32g0xx_hal.o
    0x20000008   0x08005c98   0x00000004   Data   RW          975    .data.SystemCoreClock  system_stm32g0xx.o
    0x2000000c   0x08005c9c   0x00000004   PAD
    0x20000010        -       0x00000060   Zero   RW         1393    .bss                c_p.l(libspace.o)
    0x20000070        -       0x00000027   Zero   RW           33    .bss..L_MergedGlobals  main.o
    0x20000097   0x08005c9c   0x00000001   PAD
    0x20000098        -       0x00000400   Zero   RW         1056    .bss.OLED_DisplayBuf  oled.o
    0x20000498        -       0x00000064   Zero   RW           56    .bss.hadc1          adc.o
    0x200004fc        -       0x00000054   Zero   RW           71    .bss.hi2c2          i2c.o
    0x20000550        -       0x00000094   Zero   RW           86    .bss.huart1         usart.o
    0x200005e4        -       0x00000004   Zero   RW          575    .bss.uwTick         stm32g0xx_hal.o
    0x200005e8        -       0x00000200   Zero   RW            2    HEAP                startup_stm32g030xx.o
    0x200007e8        -       0x00000400   Zero   RW            1    STACK               startup_stm32g030xx.o


==============================================================================

Image component sizes


      Code (inc. data)   RO Data    RW Data    ZI Data      Debug   Object Name

       284         28          0          0        100       5464   adc.o
       120          8          0          0          0       1917   gpio.o
       180         20          0          0         84       5326   i2c.o
      1508        188          6          0         39      11117   main.o
      1304         28          0          0       1024      57353   oled.o
         0          0       2090          0          0        753   oled_data.o
        56         26        192          0       1536        584   startup_stm32g030xx.o
       140         12          0          8          4       6614   stm32g0xx_hal.o
      1832         72          0          0          0      22305   stm32g0xx_hal_adc.o
       116         20          0          0          0       6804   stm32g0xx_hal_cortex.o
       474         16          0          0          0       4765   stm32g0xx_hal_gpio.o
      1562         32          0          0          0      66122   stm32g0xx_hal_i2c.o
       136          0          0          0          0       5924   stm32g0xx_hal_i2c_ex.o
        44          4          0          0          0       1221   stm32g0xx_hal_msp.o
       128         12          0          0          0       4919   stm32g0xx_hal_pwr_ex.o
      1732         88          0          0          0       9191   stm32g0xx_hal_rcc.o
       380         16          0          0          0       6094   stm32g0xx_hal_rcc_ex.o
      3618        112         24          0          0      49086   stm32g0xx_hal_uart.o
       302          8         16          0          0      12006   stm32g0xx_hal_uart_ex.o
        16          0          0          0          0        670   stm32g0xx_it.o
         2          0         96          4          0       1920   system_stm32g0xx.o
       216         12          0          0        148       5772   usart.o

    ----------------------------------------------------------------------
     14168        702       2456         12       2940     285927   Object Totals
         0          0         32          0          0          0   (incl. Generated)
        18          0          0          0          5          0   (incl. Padding)

    ----------------------------------------------------------------------

      Code (inc. data)   RO Data    RW Data    ZI Data      Debug   Library Member Name

        44          4          0          0          0         84   __2sprintf.o
         8          0          0          0          0         68   __main.o
       392          6         17          0          0         76   __printf_flags_ss_wp.o
        14          0          0          0          0         60   __printf_wp.o
         0          0          0          0          0          0   __rtentry.o
        12          0          0          0          0          0   __rtentry2.o
         6          0          0          0          0          0   __rtentry4.o
        60          8          0          0          0          0   __scatter.o
        26          0          0          0          0          0   __scatter_copy.o
        28          0          0          0          0          0   __scatter_zi.o
        48          6          0          0          0         88   _printf_char_common.o
        10          0          0          0          0          0   _printf_d.o
       108         18          0          0          0         76   _printf_dec.o
        10          0          0          0          0          0   _printf_f.o
      1044         12          0          0          0        116   _printf_fp_dec.o
       136         16          0          0          0         76   _printf_fp_infnan.o
       176          0          0          0          0         84   _printf_intcommon.o
        78          0          0          0          0        100   _printf_pad.o
         2          0          0          0          0          0   _printf_percent.o
         4          0          0          0          0          0   _printf_percent_end.o
        10          0          0          0          0         60   _sputc.o
      1006          4          0          0          0        184   aeabi_sdivfast.o
       216          6        148          0          0         80   bigflt0.o
      1456         30          0          0          0        336   btod.o
        16          0          0          0          0         68   exit.o
         6          0          0          0          0        136   heapauxi.o
         0          0          0          0          0          0   indicate_semi.o
        44         10         28          0          0         76   lc_numeric_c.o
         2          0          0          0          0          0   libinit.o
        18          0          0          0          0          0   libinit2.o
         2          0          0          0          0          0   libshutdown.o
         2          0          0          0          0          0   libshutdown2.o
         8          4          0          0         96         68   libspace.o
       122          0          0          0          0         72   lludiv10.o
         8          4          0          0          0         68   rt_locale_intlibspace.o
        64          0          0          0          0        108   rt_memclr.o
       186          0          0          0          0        144   rt_memcpy.o
         2          0          0          0          0          0   rtexit.o
        10          0          0          0          0          0   rtexit2.o
        40          0          0          0          0         60   rtudiv10.o
       176          4          0          0          0         80   strcmpv6m.o
        12          4          0          0          0         60   sys_exit.o
        62          0          0          0          0         80   sys_stackheap_outer.o
         2          0          0          0          0         68   use_no_semi.o
        84          4          0          0          0         60   f2d.o
       348          8          0          0          0        160   faddsub.o
       352         10         64          0          0         92   fdiv.o
        94          0          0          0          0         92   fflti.o
       176          4          0          0          0         80   fmul.o
        16          4          0          0          0         76   printf1.o
         0          0          0          0          0          0   usenofp.o
        44          4          0          0          0         60   fpclassify.o

    ----------------------------------------------------------------------
      6812        170        260          0         96       3196   Library Totals
        22          0          3          0          0          0   (incl. Padding)

    ----------------------------------------------------------------------

      Code (inc. data)   RO Data    RW Data    ZI Data      Debug   Library Name

      5676        136        193          0         96       2576   c_p.l
      1070         30         64          0          0        560   fz_ps.l
        44          4          0          0          0         60   m_ps.l

    ----------------------------------------------------------------------
      6812        170        260          0         96       3196   Library Totals

    ----------------------------------------------------------------------

==============================================================================


      Code (inc. data)   RO Data    RW Data    ZI Data      Debug   

     20980        872       2716         12       3036     287207   Grand Totals
     20980        872       2716         12       3036     287207   ELF Image Totals
     20980        872       2716         12          0          0   ROM Totals

==============================================================================

    Total RO  Size (Code + RO Data)                23696 (  23.14kB)
    Total RW  Size (RW Data + ZI Data)              3048 (   2.98kB)
    Total ROM Size (Code + RO Data + RW Data)      23708 (  23.15kB)

==============================================================================

